###############################################################################
#
# IAR ELF Linker V7.20.2.7424/W32 for ARM                 30/Jun/2023  19:22:27
# Copyright 2007-2014 IAR Systems AB.
#
#    Output file  =  
#        F:\1_git_code\RT-Thread-project\4.0.3\ATK_IAR_RTT_TEMPLATE\ATK_RTT_OTA_APP_For_IAR7\ide\Debug\Exe\atk_rtt_template.out
#    Map file     =  
#        F:\1_git_code\RT-Thread-project\4.0.3\ATK_IAR_RTT_TEMPLATE\ATK_RTT_OTA_APP_For_IAR7\ide\Debug\List\atk_rtt_template.map
#    Command line =  
#        F:\1_git_code\RT-Thread-project\4.0.3\ATK_IAR_RTT_TEMPLATE\ATK_RTT_OTA_APP_For_IAR7\ide\Debug\Obj\board.o
#        F:\1_git_code\RT-Thread-project\4.0.3\ATK_IAR_RTT_TEMPLATE\ATK_RTT_OTA_APP_For_IAR7\ide\Debug\Obj\clock.o
#        F:\1_git_code\RT-Thread-project\4.0.3\ATK_IAR_RTT_TEMPLATE\ATK_RTT_OTA_APP_For_IAR7\ide\Debug\Obj\cm_backtrace.o
#        F:\1_git_code\RT-Thread-project\4.0.3\ATK_IAR_RTT_TEMPLATE\ATK_RTT_OTA_APP_For_IAR7\ide\Debug\Obj\cmb_fault.o
#        F:\1_git_code\RT-Thread-project\4.0.3\ATK_IAR_RTT_TEMPLATE\ATK_RTT_OTA_APP_For_IAR7\ide\Debug\Obj\cmd.o
#        F:\1_git_code\RT-Thread-project\4.0.3\ATK_IAR_RTT_TEMPLATE\ATK_RTT_OTA_APP_For_IAR7\ide\Debug\Obj\completion.o
#        F:\1_git_code\RT-Thread-project\4.0.3\ATK_IAR_RTT_TEMPLATE\ATK_RTT_OTA_APP_For_IAR7\ide\Debug\Obj\components.o
#        F:\1_git_code\RT-Thread-project\4.0.3\ATK_IAR_RTT_TEMPLATE\ATK_RTT_OTA_APP_For_IAR7\ide\Debug\Obj\context_iar.o
#        F:\1_git_code\RT-Thread-project\4.0.3\ATK_IAR_RTT_TEMPLATE\ATK_RTT_OTA_APP_For_IAR7\ide\Debug\Obj\cpu.o
#        F:\1_git_code\RT-Thread-project\4.0.3\ATK_IAR_RTT_TEMPLATE\ATK_RTT_OTA_APP_For_IAR7\ide\Debug\Obj\cpuport.o
#        F:\1_git_code\RT-Thread-project\4.0.3\ATK_IAR_RTT_TEMPLATE\ATK_RTT_OTA_APP_For_IAR7\ide\Debug\Obj\dataqueue.o
#        F:\1_git_code\RT-Thread-project\4.0.3\ATK_IAR_RTT_TEMPLATE\ATK_RTT_OTA_APP_For_IAR7\ide\Debug\Obj\device.o
#        F:\1_git_code\RT-Thread-project\4.0.3\ATK_IAR_RTT_TEMPLATE\ATK_RTT_OTA_APP_For_IAR7\ide\Debug\Obj\drv_common_app.o
#        F:\1_git_code\RT-Thread-project\4.0.3\ATK_IAR_RTT_TEMPLATE\ATK_RTT_OTA_APP_For_IAR7\ide\Debug\Obj\drv_gpio.o
#        F:\1_git_code\RT-Thread-project\4.0.3\ATK_IAR_RTT_TEMPLATE\ATK_RTT_OTA_APP_For_IAR7\ide\Debug\Obj\drv_usart.o
#        F:\1_git_code\RT-Thread-project\4.0.3\ATK_IAR_RTT_TEMPLATE\ATK_RTT_OTA_APP_For_IAR7\ide\Debug\Obj\finsh_compiler.o
#        F:\1_git_code\RT-Thread-project\4.0.3\ATK_IAR_RTT_TEMPLATE\ATK_RTT_OTA_APP_For_IAR7\ide\Debug\Obj\finsh_error.o
#        F:\1_git_code\RT-Thread-project\4.0.3\ATK_IAR_RTT_TEMPLATE\ATK_RTT_OTA_APP_For_IAR7\ide\Debug\Obj\finsh_heap.o
#        F:\1_git_code\RT-Thread-project\4.0.3\ATK_IAR_RTT_TEMPLATE\ATK_RTT_OTA_APP_For_IAR7\ide\Debug\Obj\finsh_init.o
#        F:\1_git_code\RT-Thread-project\4.0.3\ATK_IAR_RTT_TEMPLATE\ATK_RTT_OTA_APP_For_IAR7\ide\Debug\Obj\finsh_node.o
#        F:\1_git_code\RT-Thread-project\4.0.3\ATK_IAR_RTT_TEMPLATE\ATK_RTT_OTA_APP_For_IAR7\ide\Debug\Obj\finsh_ops.o
#        F:\1_git_code\RT-Thread-project\4.0.3\ATK_IAR_RTT_TEMPLATE\ATK_RTT_OTA_APP_For_IAR7\ide\Debug\Obj\finsh_parser.o
#        F:\1_git_code\RT-Thread-project\4.0.3\ATK_IAR_RTT_TEMPLATE\ATK_RTT_OTA_APP_For_IAR7\ide\Debug\Obj\finsh_token.o
#        F:\1_git_code\RT-Thread-project\4.0.3\ATK_IAR_RTT_TEMPLATE\ATK_RTT_OTA_APP_For_IAR7\ide\Debug\Obj\finsh_var.o
#        F:\1_git_code\RT-Thread-project\4.0.3\ATK_IAR_RTT_TEMPLATE\ATK_RTT_OTA_APP_For_IAR7\ide\Debug\Obj\finsh_vm.o
#        F:\1_git_code\RT-Thread-project\4.0.3\ATK_IAR_RTT_TEMPLATE\ATK_RTT_OTA_APP_For_IAR7\ide\Debug\Obj\idle.o
#        F:\1_git_code\RT-Thread-project\4.0.3\ATK_IAR_RTT_TEMPLATE\ATK_RTT_OTA_APP_For_IAR7\ide\Debug\Obj\ipc.o
#        F:\1_git_code\RT-Thread-project\4.0.3\ATK_IAR_RTT_TEMPLATE\ATK_RTT_OTA_APP_For_IAR7\ide\Debug\Obj\irq.o
#        F:\1_git_code\RT-Thread-project\4.0.3\ATK_IAR_RTT_TEMPLATE\ATK_RTT_OTA_APP_For_IAR7\ide\Debug\Obj\kservice.o
#        F:\1_git_code\RT-Thread-project\4.0.3\ATK_IAR_RTT_TEMPLATE\ATK_RTT_OTA_APP_For_IAR7\ide\Debug\Obj\led_app.o
#        F:\1_git_code\RT-Thread-project\4.0.3\ATK_IAR_RTT_TEMPLATE\ATK_RTT_OTA_APP_For_IAR7\ide\Debug\Obj\led_drv.o
#        F:\1_git_code\RT-Thread-project\4.0.3\ATK_IAR_RTT_TEMPLATE\ATK_RTT_OTA_APP_For_IAR7\ide\Debug\Obj\libc.o
#        F:\1_git_code\RT-Thread-project\4.0.3\ATK_IAR_RTT_TEMPLATE\ATK_RTT_OTA_APP_For_IAR7\ide\Debug\Obj\main.o
#        F:\1_git_code\RT-Thread-project\4.0.3\ATK_IAR_RTT_TEMPLATE\ATK_RTT_OTA_APP_For_IAR7\ide\Debug\Obj\mem.o
#        F:\1_git_code\RT-Thread-project\4.0.3\ATK_IAR_RTT_TEMPLATE\ATK_RTT_OTA_APP_For_IAR7\ide\Debug\Obj\mem_std.o
#        F:\1_git_code\RT-Thread-project\4.0.3\ATK_IAR_RTT_TEMPLATE\ATK_RTT_OTA_APP_For_IAR7\ide\Debug\Obj\memheap.o
#        F:\1_git_code\RT-Thread-project\4.0.3\ATK_IAR_RTT_TEMPLATE\ATK_RTT_OTA_APP_For_IAR7\ide\Debug\Obj\mempool.o
#        F:\1_git_code\RT-Thread-project\4.0.3\ATK_IAR_RTT_TEMPLATE\ATK_RTT_OTA_APP_For_IAR7\ide\Debug\Obj\msh.o
#        F:\1_git_code\RT-Thread-project\4.0.3\ATK_IAR_RTT_TEMPLATE\ATK_RTT_OTA_APP_For_IAR7\ide\Debug\Obj\msh_file.o
#        F:\1_git_code\RT-Thread-project\4.0.3\ATK_IAR_RTT_TEMPLATE\ATK_RTT_OTA_APP_For_IAR7\ide\Debug\Obj\msp_spi.o
#        F:\1_git_code\RT-Thread-project\4.0.3\ATK_IAR_RTT_TEMPLATE\ATK_RTT_OTA_APP_For_IAR7\ide\Debug\Obj\msp_tim.o
#        F:\1_git_code\RT-Thread-project\4.0.3\ATK_IAR_RTT_TEMPLATE\ATK_RTT_OTA_APP_For_IAR7\ide\Debug\Obj\msp_uart.o
#        F:\1_git_code\RT-Thread-project\4.0.3\ATK_IAR_RTT_TEMPLATE\ATK_RTT_OTA_APP_For_IAR7\ide\Debug\Obj\object.o
#        F:\1_git_code\RT-Thread-project\4.0.3\ATK_IAR_RTT_TEMPLATE\ATK_RTT_OTA_APP_For_IAR7\ide\Debug\Obj\pin.o
#        F:\1_git_code\RT-Thread-project\4.0.3\ATK_IAR_RTT_TEMPLATE\ATK_RTT_OTA_APP_For_IAR7\ide\Debug\Obj\scheduler.o
#        F:\1_git_code\RT-Thread-project\4.0.3\ATK_IAR_RTT_TEMPLATE\ATK_RTT_OTA_APP_For_IAR7\ide\Debug\Obj\serial.o
#        F:\1_git_code\RT-Thread-project\4.0.3\ATK_IAR_RTT_TEMPLATE\ATK_RTT_OTA_APP_For_IAR7\ide\Debug\Obj\shell.o
#        F:\1_git_code\RT-Thread-project\4.0.3\ATK_IAR_RTT_TEMPLATE\ATK_RTT_OTA_APP_For_IAR7\ide\Debug\Obj\signal.o
#        F:\1_git_code\RT-Thread-project\4.0.3\ATK_IAR_RTT_TEMPLATE\ATK_RTT_OTA_APP_For_IAR7\ide\Debug\Obj\slab.o
#        F:\1_git_code\RT-Thread-project\4.0.3\ATK_IAR_RTT_TEMPLATE\ATK_RTT_OTA_APP_For_IAR7\ide\Debug\Obj\startup_stm32f407xx.o
#        F:\1_git_code\RT-Thread-project\4.0.3\ATK_IAR_RTT_TEMPLATE\ATK_RTT_OTA_APP_For_IAR7\ide\Debug\Obj\stdio.o
#        F:\1_git_code\RT-Thread-project\4.0.3\ATK_IAR_RTT_TEMPLATE\ATK_RTT_OTA_APP_For_IAR7\ide\Debug\Obj\stm32f4xx_hal.o
#        F:\1_git_code\RT-Thread-project\4.0.3\ATK_IAR_RTT_TEMPLATE\ATK_RTT_OTA_APP_For_IAR7\ide\Debug\Obj\stm32f4xx_hal_adc.o
#        F:\1_git_code\RT-Thread-project\4.0.3\ATK_IAR_RTT_TEMPLATE\ATK_RTT_OTA_APP_For_IAR7\ide\Debug\Obj\stm32f4xx_hal_adc_ex.o
#        F:\1_git_code\RT-Thread-project\4.0.3\ATK_IAR_RTT_TEMPLATE\ATK_RTT_OTA_APP_For_IAR7\ide\Debug\Obj\stm32f4xx_hal_can.o
#        F:\1_git_code\RT-Thread-project\4.0.3\ATK_IAR_RTT_TEMPLATE\ATK_RTT_OTA_APP_For_IAR7\ide\Debug\Obj\stm32f4xx_hal_cortex.o
#        F:\1_git_code\RT-Thread-project\4.0.3\ATK_IAR_RTT_TEMPLATE\ATK_RTT_OTA_APP_For_IAR7\ide\Debug\Obj\stm32f4xx_hal_dma.o
#        F:\1_git_code\RT-Thread-project\4.0.3\ATK_IAR_RTT_TEMPLATE\ATK_RTT_OTA_APP_For_IAR7\ide\Debug\Obj\stm32f4xx_hal_exti.o
#        F:\1_git_code\RT-Thread-project\4.0.3\ATK_IAR_RTT_TEMPLATE\ATK_RTT_OTA_APP_For_IAR7\ide\Debug\Obj\stm32f4xx_hal_flash.o
#        F:\1_git_code\RT-Thread-project\4.0.3\ATK_IAR_RTT_TEMPLATE\ATK_RTT_OTA_APP_For_IAR7\ide\Debug\Obj\stm32f4xx_hal_gpio.o
#        F:\1_git_code\RT-Thread-project\4.0.3\ATK_IAR_RTT_TEMPLATE\ATK_RTT_OTA_APP_For_IAR7\ide\Debug\Obj\stm32f4xx_hal_msp.o
#        F:\1_git_code\RT-Thread-project\4.0.3\ATK_IAR_RTT_TEMPLATE\ATK_RTT_OTA_APP_For_IAR7\ide\Debug\Obj\stm32f4xx_hal_rcc.o
#        F:\1_git_code\RT-Thread-project\4.0.3\ATK_IAR_RTT_TEMPLATE\ATK_RTT_OTA_APP_For_IAR7\ide\Debug\Obj\stm32f4xx_hal_rcc_ex.o
#        F:\1_git_code\RT-Thread-project\4.0.3\ATK_IAR_RTT_TEMPLATE\ATK_RTT_OTA_APP_For_IAR7\ide\Debug\Obj\stm32f4xx_hal_spi.o
#        F:\1_git_code\RT-Thread-project\4.0.3\ATK_IAR_RTT_TEMPLATE\ATK_RTT_OTA_APP_For_IAR7\ide\Debug\Obj\stm32f4xx_hal_tim.o
#        F:\1_git_code\RT-Thread-project\4.0.3\ATK_IAR_RTT_TEMPLATE\ATK_RTT_OTA_APP_For_IAR7\ide\Debug\Obj\stm32f4xx_hal_tim_ex.o
#        F:\1_git_code\RT-Thread-project\4.0.3\ATK_IAR_RTT_TEMPLATE\ATK_RTT_OTA_APP_For_IAR7\ide\Debug\Obj\stm32f4xx_hal_uart.o
#        F:\1_git_code\RT-Thread-project\4.0.3\ATK_IAR_RTT_TEMPLATE\ATK_RTT_OTA_APP_For_IAR7\ide\Debug\Obj\stm32f4xx_hal_usart.o
#        F:\1_git_code\RT-Thread-project\4.0.3\ATK_IAR_RTT_TEMPLATE\ATK_RTT_OTA_APP_For_IAR7\ide\Debug\Obj\symbol.o
#        F:\1_git_code\RT-Thread-project\4.0.3\ATK_IAR_RTT_TEMPLATE\ATK_RTT_OTA_APP_For_IAR7\ide\Debug\Obj\system_stm32f4xx.o
#        F:\1_git_code\RT-Thread-project\4.0.3\ATK_IAR_RTT_TEMPLATE\ATK_RTT_OTA_APP_For_IAR7\ide\Debug\Obj\thread.o
#        F:\1_git_code\RT-Thread-project\4.0.3\ATK_IAR_RTT_TEMPLATE\ATK_RTT_OTA_APP_For_IAR7\ide\Debug\Obj\timer.o
#        --redirect _Printf=_PrintfFull --redirect _Scanf=_ScanfFull -o
#        F:\1_git_code\RT-Thread-project\4.0.3\ATK_IAR_RTT_TEMPLATE\ATK_RTT_OTA_APP_For_IAR7\ide\Debug\Exe\atk_rtt_template.out
#        --map
#        F:\1_git_code\RT-Thread-project\4.0.3\ATK_IAR_RTT_TEMPLATE\ATK_RTT_OTA_APP_For_IAR7\ide\Debug\List\atk_rtt_template.map
#        --config
#        F:\1_git_code\RT-Thread-project\4.0.3\ATK_IAR_RTT_TEMPLATE\ATK_RTT_OTA_APP_For_IAR7\ide\stm32f407xG_user.icf
#        --semihosting --entry __iar_program_start --vfe
#
###############################################################################

*******************************************************************************
*** RUNTIME MODEL ATTRIBUTES
***

CppFlavor                     = *
__SystemLibrary               = DLib
__dlib_dynamic_initialization = normal


*******************************************************************************
*** PLACEMENT SUMMARY
***

"A1":  place at 0x08000000 { ro section .intvec };
"P1":  place in [from 0x08000000 to 0x080fffff] { ro };
"P2":  place in [from 0x20000000 to 0x2001ffff] { rw, block HEAP };
"P3":  place in [from 0x10000000 to 0x1000ffff] {
          first block RTT_KERNEL, last block CSTACK, section .sram };

  Section             Kind        Address    Size  Object
  -------             ----        -------    ----  ------
"A1":                                       0x188
  .intvec             ro code  0x08000000   0x188  startup_stm32f407xx.o [1]
                             - 0x08000188   0x188

"P1":                                      0xc66e
  .text                        0x08000188  0x9c38  <Block>
    .text             ro code  0x08000188   0x1b0  board.o [1]
    .text             ro code  0x08000338     0x6  ABImemclr4.o [5]
    .text             ro code  0x0800033e     0xa  xsprout.o [3]
    .text             ro code  0x08000348   0x65c  stm32f4xx_hal_rcc.o [1]
    .text             ro code  0x080009a4   0x184  stm32f4xx_hal_rcc_ex.o [1]
    .text             ro code  0x08000b28    0x6c  cpuport.o [1]
    .text             ro code  0x08000b94   0x19c  stm32f4xx_hal_cortex.o [1]
    .text             ro code  0x08000d30    0x78  irq.o [1]
    .text             ro code  0x08000da8    0x58  stm32f4xx_hal.o [1]
    .text             ro code  0x08000e00    0x8c  clock.o [1]
    .text             ro code  0x08000e8c   0x624  mem.o [1]
    .text             ro code  0x080014b0   0x738  drv_gpio.o [1]
    .text             ro code  0x08001be8   0x420  drv_usart.o [1]
    .text             ro code  0x08002008   0x7e4  kservice.o [1]
    .text             ro code  0x080027ec    0xce  components.o [1]
    .text             ro code  0x080028ba    0x22  zero_init3.o [5]
    .text             ro code  0x080028dc    0x32  ABImemset48.o [5]
    .text             ro code  0x08002910    0xee  I64DivMod.o [5]
    .text             ro code  0x08002a00   0x100  context_iar.o [1]
    .text             ro code  0x08002b00    0x48  stm32f4xx_hal_msp.o [1]
    .text             ro code  0x08002b48   0x4f4  thread.o [1]
    .text             ro code  0x0800303c   0x370  scheduler.o [1]
    .text             ro code  0x080033ac   0x648  timer.o [1]
    .text             ro code  0x080039f4   0x2f4  ipc.o [1]
    .text             ro code  0x08003ce8   0x3d4  stm32f4xx_hal_gpio.o [1]
    .text             ro code  0x080040bc   0x20c  pin.o [1]
    .text             ro code  0x080042c8   0x540  stm32f4xx_hal_uart.o [1]
    .text             ro code  0x08004808   0x758  serial.o [1]
    .text             ro code  0x08004f60   0x284  device.o [1]
    .text             ro code  0x080051e4    0x28  data_init.o [5]
    .text             ro code  0x0800520c    0x58  main.o [1]
    .text             ro code  0x08005264   0x12c  idle.o [1]
    .text             ro code  0x08005390     0x2  I64DivZer.o [5]
    .text             ro code  0x08005394   0x334  object.o [1]
    .text             ro code  0x080056c8    0xa4  msp_uart.o [1]
    .text             ro code  0x0800576c    0xc6  stm32f4xx_hal_dma.o [1]
    .text             ro code  0x08005834   0x17c  completion.o [1]
    .text             ro code  0x080059b0    0x84  led_drv.o [1]
    .text             ro code  0x08005a34   0xa1c  cm_backtrace.o [1]
    .text             ro code  0x08006450    0x26  drv_common_app.o [1]
    .text             ro code  0x08006478    0x6c  strncpy_unaligned.o [5]
    .text             ro code  0x080064e4    0x34  sprintf.o [3]
    .text             ro code  0x08006518    0x76  ABImemcpy_unaligned.o [5]
    .text             ro code  0x08006590    0x66  ABImemset.o [5]
    .text             ro code  0x080065f8  0x114e  xprintffull.o [3]
    .text             ro code  0x08007746    0x20  xmbtowc.o [3]
    .text             ro code  0x08007768    0x16  strchr.o [5]
    .text             ro code  0x08007780    0x36  strlen.o [5]
    .text             ro code  0x080077b8    0x58  memchr.o [5]
    .text             ro code  0x08007810     0xa  xmbcurmax.o [3]
    .text             ro code  0x0800781a    0x18  mem_std.o [1]
    .text             ro code  0x08007832    0x1a  xwctomb.o [3]
    .text             ro code  0x0800784c    0x42  xdnorm.o [4]
    .text             ro code  0x08007890    0x2e  DblCmpLe.o [4]
    .text             ro code  0x080078c0    0x2e  DblCmpGe.o [4]
    .text             ro code  0x080078f0   0x114  xdscale.o [4]
    .text             ro code  0x08007a04    0x58  DblToI32.o [4]
    .text             ro code  0x08007a5c    0x30  I32ToDbl.o [4]
    .text             ro code  0x08007a8c   0x180  DblSub.o [4]
    .text             ro code  0x08007c0c   0x1a2  DblMul.o [4]
    .text             ro code  0x08007db0   0x246  DblDiv.o [4]
    .text             ro code  0x08007ff8    0x6c  localeconv.o [3]
    .text             ro code  0x08008064     0xe  div.o [3]
    .text             ro code  0x08008074    0x14  setlocale.o [3]
    .text             ro code  0x08008088    0x60  xencoding_sb.o [3]
    .text             ro code  0x080080e8    0xd4  DblAdd.o [4]
    .text             ro code  0x080081bc     0x2  xtls.o [3]
    .text             ro code  0x080081c0     0xc  cmb_fault.o [1]
    .text             ro code  0x080081cc   0xa9c  cmd.o [1]
    .text             ro code  0x08008c68    0x2a  strncmp.o [3]
    .text             ro code  0x08008c94   0x37c  msh.o [1]
    .text             ro code  0x08009010   0x9d0  shell.o [1]
    .text             ro code  0x080099e0    0x44  strcpy_unaligned.o [5]
    .text             ro code  0x08009a24    0x1c  strcat.o [3]
    .text             ro code  0x08009a40    0x62  memcmp_unaligned.o [5]
    .text             ro code  0x08009aa4    0x10  startup_stm32f407xx.o [1]
    .text             ro code  0x08009ab4    0x6c  system_stm32f4xx.o [1]
    .text             ro code  0x08009b20    0x1a  fpinit_M.o [4]
    .text             ro code  0x08009b3c    0x1a  cmain.o [5]
    .text             ro code  0x08009b56     0x4  exit.o [3]
    .text             ro code  0x08009b5c     0xa  cexit.o [5]
    .text             ro code  0x08009b68    0x14  exit.o [6]
    .text             ro code  0x08009b7c    0x20  led_app.o [1]
    .text             ro code  0x08009b9c     0x4  libc.o [1]
    .text             ro code  0x08009ba0     0x4  startup_stm32f407xx.o [1]
    .text             ro code  0x08009ba4     0x4  startup_stm32f407xx.o [1]
    .text             ro code  0x08009ba8     0x4  startup_stm32f407xx.o [1]
    .text             ro code  0x08009bac     0x4  startup_stm32f407xx.o [1]
    .text             ro code  0x08009bb0     0x4  startup_stm32f407xx.o [1]
    .text             ro code  0x08009bb4     0x4  startup_stm32f407xx.o [1]
    .text             ro code  0x08009bb8     0x4  startup_stm32f407xx.o [1]
    .text             ro code  0x08009bbc     0x4  startup_stm32f407xx.o [1]
    .text             ro code  0x08009bc0     0x4  startup_stm32f407xx.o [1]
    .text             ro code  0x08009bc4     0x4  startup_stm32f407xx.o [1]
    .text             ro code  0x08009bc8     0x4  startup_stm32f407xx.o [1]
    .text             ro code  0x08009bcc     0x4  startup_stm32f407xx.o [1]
    .text             ro code  0x08009bd0     0x4  startup_stm32f407xx.o [1]
    .text             ro code  0x08009bd4     0x4  startup_stm32f407xx.o [1]
    .text             ro code  0x08009bd8     0x4  startup_stm32f407xx.o [1]
    .text             ro code  0x08009bdc     0x4  startup_stm32f407xx.o [1]
    .text             ro code  0x08009be0     0x4  startup_stm32f407xx.o [1]
    .text             ro code  0x08009be4     0x4  startup_stm32f407xx.o [1]
    .text             ro code  0x08009be8     0x4  startup_stm32f407xx.o [1]
    .text             ro code  0x08009bec     0x4  startup_stm32f407xx.o [1]
    .text             ro code  0x08009bf0     0x4  startup_stm32f407xx.o [1]
    .text             ro code  0x08009bf4     0x4  startup_stm32f407xx.o [1]
    .text             ro code  0x08009bf8     0x4  startup_stm32f407xx.o [1]
    .text             ro code  0x08009bfc     0x4  startup_stm32f407xx.o [1]
    .text             ro code  0x08009c00     0x4  startup_stm32f407xx.o [1]
    .text             ro code  0x08009c04     0x4  startup_stm32f407xx.o [1]
    .text             ro code  0x08009c08     0x4  startup_stm32f407xx.o [1]
    .text             ro code  0x08009c0c     0x4  startup_stm32f407xx.o [1]
    .text             ro code  0x08009c10     0x4  startup_stm32f407xx.o [1]
    .text             ro code  0x08009c14     0x4  startup_stm32f407xx.o [1]
    .text             ro code  0x08009c18     0x4  startup_stm32f407xx.o [1]
    .text             ro code  0x08009c1c     0x4  startup_stm32f407xx.o [1]
    .text             ro code  0x08009c20     0x4  startup_stm32f407xx.o [1]
    .text             ro code  0x08009c24     0x4  startup_stm32f407xx.o [1]
    .text             ro code  0x08009c28     0x4  startup_stm32f407xx.o [1]
    .text             ro code  0x08009c2c     0x4  startup_stm32f407xx.o [1]
    .text             ro code  0x08009c30     0x4  startup_stm32f407xx.o [1]
    .text             ro code  0x08009c34     0x4  startup_stm32f407xx.o [1]
    .text             ro code  0x08009c38     0x4  startup_stm32f407xx.o [1]
    .text             ro code  0x08009c3c     0x4  startup_stm32f407xx.o [1]
    .text             ro code  0x08009c40     0x4  startup_stm32f407xx.o [1]
    .text             ro code  0x08009c44     0x4  startup_stm32f407xx.o [1]
    .text             ro code  0x08009c48     0x4  startup_stm32f407xx.o [1]
    .text             ro code  0x08009c4c     0x4  startup_stm32f407xx.o [1]
    .text             ro code  0x08009c50     0x4  startup_stm32f407xx.o [1]
    .text             ro code  0x08009c54     0x4  startup_stm32f407xx.o [1]
    .text             ro code  0x08009c58     0x4  startup_stm32f407xx.o [1]
    .text             ro code  0x08009c5c     0x4  startup_stm32f407xx.o [1]
    .text             ro code  0x08009c60     0x4  startup_stm32f407xx.o [1]
    .text             ro code  0x08009c64     0x4  startup_stm32f407xx.o [1]
    .text             ro code  0x08009c68     0x4  startup_stm32f407xx.o [1]
    .text             ro code  0x08009c6c     0x4  startup_stm32f407xx.o [1]
    .text             ro code  0x08009c70     0x4  startup_stm32f407xx.o [1]
    .text             ro code  0x08009c74     0x4  startup_stm32f407xx.o [1]
    .text             ro code  0x08009c78     0x4  startup_stm32f407xx.o [1]
    .text             ro code  0x08009c7c     0x4  startup_stm32f407xx.o [1]
    .text             ro code  0x08009c80     0x4  startup_stm32f407xx.o [1]
    .text             ro code  0x08009c84     0x4  startup_stm32f407xx.o [1]
    .text             ro code  0x08009c88     0x4  startup_stm32f407xx.o [1]
    .text             ro code  0x08009c8c     0x4  startup_stm32f407xx.o [1]
    .text             ro code  0x08009c90     0x4  startup_stm32f407xx.o [1]
    .text             ro code  0x08009c94     0x4  startup_stm32f407xx.o [1]
    .text             ro code  0x08009c98     0x4  startup_stm32f407xx.o [1]
    .text             ro code  0x08009c9c     0x4  startup_stm32f407xx.o [1]
    .text             ro code  0x08009ca0     0x4  startup_stm32f407xx.o [1]
    .text             ro code  0x08009ca4     0x4  startup_stm32f407xx.o [1]
    .text             ro code  0x08009ca8     0x4  startup_stm32f407xx.o [1]
    .text             ro code  0x08009cac     0x4  startup_stm32f407xx.o [1]
    .text             ro code  0x08009cb0     0x4  startup_stm32f407xx.o [1]
    .text             ro code  0x08009cb4     0x4  startup_stm32f407xx.o [1]
    .text             ro code  0x08009cb8     0x4  startup_stm32f407xx.o [1]
    .text             ro code  0x08009cbc     0x4  startup_stm32f407xx.o [1]
    .text             ro code  0x08009cc0     0x4  startup_stm32f407xx.o [1]
    .text             ro code  0x08009cc4     0x4  startup_stm32f407xx.o [1]
    .text             ro code  0x08009cc8     0x4  startup_stm32f407xx.o [1]
    .text             ro code  0x08009ccc     0x4  startup_stm32f407xx.o [1]
    .text             ro code  0x08009cd0     0x4  startup_stm32f407xx.o [1]
    .text             ro code  0x08009cd4     0x4  startup_stm32f407xx.o [1]
    .text             ro code  0x08009cd8     0x4  startup_stm32f407xx.o [1]
    .text             ro code  0x08009cdc     0xc  cstartup_M.o [5]
    .text             ro code  0x08009ce8    0xd2  packbits_init.o [5]
    .text             ro code  0x08009dba     0x6  abort.o [3]
  FSymTab                      0x08009dc0   0x18c  <Block>
    FSymTab           const    0x08009dc0     0xc  board.o [1]
    FSymTab           const    0x08009dcc     0xc  cmd.o [1]
    FSymTab           const    0x08009dd8     0xc  cmd.o [1]
    FSymTab           const    0x08009de4     0xc  cmd.o [1]
    FSymTab           const    0x08009df0     0xc  cmd.o [1]
    FSymTab           const    0x08009dfc     0xc  cmd.o [1]
    FSymTab           const    0x08009e08     0xc  cmd.o [1]
    FSymTab           const    0x08009e14     0xc  cmd.o [1]
    FSymTab           const    0x08009e20     0xc  cmd.o [1]
    FSymTab           const    0x08009e2c     0xc  cmd.o [1]
    FSymTab           const    0x08009e38     0xc  cmd.o [1]
    FSymTab           const    0x08009e44     0xc  cmd.o [1]
    FSymTab           const    0x08009e50     0xc  cmd.o [1]
    FSymTab           const    0x08009e5c     0xc  cmd.o [1]
    FSymTab           const    0x08009e68     0xc  cmd.o [1]
    FSymTab           const    0x08009e74     0xc  cmd.o [1]
    FSymTab           const    0x08009e80     0xc  cmd.o [1]
    FSymTab           const    0x08009e8c     0xc  cmd.o [1]
    FSymTab           const    0x08009e98     0xc  cmd.o [1]
    FSymTab           const    0x08009ea4     0xc  cmd.o [1]
    FSymTab           const    0x08009eb0     0xc  cmd.o [1]
    FSymTab           const    0x08009ebc     0xc  cmd.o [1]
    FSymTab           const    0x08009ec8     0xc  cmd.o [1]
    FSymTab           const    0x08009ed4     0xc  cmd.o [1]
    FSymTab           const    0x08009ee0     0xc  cmd.o [1]
    FSymTab           const    0x08009eec     0xc  mem.o [1]
    FSymTab           const    0x08009ef8     0xc  msh.o [1]
    FSymTab           const    0x08009f04     0xc  msh.o [1]
    FSymTab           const    0x08009f10     0xc  msh.o [1]
    FSymTab           const    0x08009f1c     0xc  pin.o [1]
    FSymTab           const    0x08009f28     0xc  pin.o [1]
    FSymTab           const    0x08009f34     0xc  pin.o [1]
    FSymTab           const    0x08009f40     0xc  pin.o [1]
  .rodata             const    0x08009f4c    0x98  cm_backtrace.o [1]
  .rodata             const    0x08009fe4    0x6c  cm_backtrace.o [1]
  .rodata             const    0x0800a050    0x68  board.o [1]
  .rodata             const    0x0800a0b8    0x64  cm_backtrace.o [1]
  .rodata             const    0x0800a11c    0x64  serial.o [1]
  .rodata             const    0x0800a180    0x60  cm_backtrace.o [1]
  .rodata             const    0x0800a1e0    0x5c  cmd.o [1]
  .rodata             const    0x0800a23c    0x5c  mem.o [1]
  .rodata             const    0x0800a298    0x54  cm_backtrace.o [1]
  .rodata             const    0x0800a2ec    0x4c  cm_backtrace.o [1]
  .rodata             const    0x0800a338    0x4c  cm_backtrace.o [1]
  .rodata             const    0x0800a384    0x4c  mem.o [1]
  .rodata             const    0x0800a3d0    0x48  cm_backtrace.o [1]
  .rodata             const    0x0800a418    0x48  cm_backtrace.o [1]
  .rodata             const    0x0800a460    0x48  ipc.o [1]
  .rodata             const    0x0800a4a8    0x44  cm_backtrace.o [1]
  .rodata             const    0x0800a4ec    0x44  cmd.o [1]
  .rodata             const    0x0800a530    0x44  mem.o [1]
  .rodata             const    0x0800a574    0x44  thread.o [1]
  .rodata             const    0x0800a5b8    0x40  cm_backtrace.o [1]
  .rodata             const    0x0800a5f8    0x40  cm_backtrace.o [1]
  .rodata             const    0x0800a638    0x40  cm_backtrace.o [1]
  .rodata             const    0x0800a678    0x40  cm_backtrace.o [1]
  .rodata             const    0x0800a6b8    0x40  cm_backtrace.o [1]
  .rodata             const    0x0800a6f8    0x40  cmd.o [1]
  .rodata             const    0x0800a738    0x40  drv_gpio.o [1]
  .rodata             const    0x0800a778    0x3c  cm_backtrace.o [1]
  .rodata             const    0x0800a7b4    0x3c  device.o [1]
  .rodata             const    0x0800a7f0    0x3c  mem.o [1]
  .rodata             const    0x0800a82c    0x3c  thread.o [1]
  .rodata             const    0x0800a868    0x3c  timer.o [1]
  .rodata             const    0x0800a8a4    0x38  cm_backtrace.o [1]
  .rodata             const    0x0800a8dc    0x38  cm_backtrace.o [1]
  .rodata             const    0x0800a914    0x38  cm_backtrace.o [1]
  .rodata             const    0x0800a94c    0x38  cm_backtrace.o [1]
  .rodata             const    0x0800a984    0x38  cm_backtrace.o [1]
  .rodata             const    0x0800a9bc    0x38  device.o [1]
  .rodata             const    0x0800a9f4    0x38  ipc.o [1]
  .rodata             const    0x0800aa2c    0x38  kservice.o [1]
  .rodata             const    0x0800aa64    0x38  scheduler.o [1]
  .rodata             const    0x0800aa9c    0x38  thread.o [1]
  .rodata             const    0x0800aad4    0x34  cm_backtrace.o [1]
  .rodata             const    0x0800ab08    0x34  cm_backtrace.o [1]
  .rodata             const    0x0800ab3c    0x34  cm_backtrace.o [1]
  .rodata             const    0x0800ab70    0x34  cm_backtrace.o [1]
  .rodata             const    0x0800aba4    0x30  cm_backtrace.o [1]
  .rodata             const    0x0800abd4    0x30  cm_backtrace.o [1]
  .rodata             const    0x0800ac04    0x30  cm_backtrace.o [1]
  .rodata             const    0x0800ac34    0x30  completion.o [1]
  .rodata             const    0x0800ac64    0x30  mem.o [1]
  .rodata             const    0x0800ac94    0x30  mem.o [1]
  .rodata             const    0x0800acc4    0x30  mem.o [1]
  .rodata             const    0x0800acf4    0x2c  cm_backtrace.o [1]
  .rodata             const    0x0800ad20    0x2c  cm_backtrace.o [1]
  .rodata             const    0x0800ad4c    0x2c  cm_backtrace.o [1]
  .rodata             const    0x0800ad78    0x2c  kservice.o [1]
  .rodata             const    0x0800ada4    0x2c  mem.o [1]
  .rodata             const    0x0800add0    0x2c  object.o [1]
  .rodata             const    0x0800adfc    0x2c  timer.o [1]
  .rodata             const    0x0800ae28    0x28  cm_backtrace.o [1]
  .rodata             const    0x0800ae50    0x28  cm_backtrace.o [1]
  .rodata             const    0x0800ae78    0x28  cm_backtrace.o [1]
  .rodata             const    0x0800aea0    0x28  cm_backtrace.o [1]
  .rodata             const    0x0800aec8    0x28  cm_backtrace.o [1]
  .rodata             const    0x0800aef0    0x28  cm_backtrace.o [1]
  .rodata             const    0x0800af18    0x28  cm_backtrace.o [1]
  .rodata             const    0x0800af40    0x28  cm_backtrace.o [1]
  .rodata             const    0x0800af68    0x28  cmd.o [1]
  .rodata             const    0x0800af90    0x28  cmd.o [1]
  .rodata             const    0x0800afb8    0x28  cmd.o [1]
  .rodata             const    0x0800afe0    0x28  cmd.o [1]
  .rodata             const    0x0800b008    0x28  completion.o [1]
  .rodata             const    0x0800b030    0x28  idle.o [1]
  .rodata             const    0x0800b058    0x28  ipc.o [1]
  .rodata             const    0x0800b080    0x28  mem.o [1]
  .rodata             const    0x0800b0a8    0x28  mem.o [1]
  .rodata             const    0x0800b0d0    0x28  object.o [1]
  .rodata.name        const    0x0800b0f8    0x28  msh.o [1]
  .rodata             const    0x0800b120    0x24  cmd.o [1]
  .rodata             const    0x0800b144    0x24  cmd.o [1]
  .rodata             const    0x0800b168    0x24  cmd.o [1]
  .rodata             const    0x0800b18c    0x24  cmd.o [1]
  .rodata             const    0x0800b1b0    0x24  cmd.o [1]
  .rodata             const    0x0800b1d4    0x24  cmd.o [1]
  .rodata             const    0x0800b1f8    0x24  kservice.o [1]
  .rodata             const    0x0800b21c    0x24  thread.o [1]
  .rodata             const    0x0800b240    0x24  timer.o [1]
  .rodata.name        const    0x0800b264    0x24  cmd.o [1]
  .rodata.name        const    0x0800b288    0x24  cmd.o [1]
  .rodata.name        const    0x0800b2ac    0x24  pin.o [1]
  .iar.init_table     const    0x0800b2d0    0x50  - Linker created -
  .rodata             const    0x0800b320    0x20  cm_backtrace.o [1]
  .rodata             const    0x0800b340    0x20  cm_backtrace.o [1]
  .rodata             const    0x0800b360    0x20  cm_backtrace.o [1]
  .rodata             const    0x0800b380    0x20  cmd.o [1]
  .rodata             const    0x0800b3a0    0x20  cmd.o [1]
  .rodata             const    0x0800b3c0    0x20  kservice.o [1]
  .rodata             const    0x0800b3e0    0x20  mem.o [1]
  .rodata             const    0x0800b400    0x20  mem.o [1]
  .rodata             const    0x0800b420    0x20  msh.o [1]
  .rodata             const    0x0800b440    0x20  shell.o [1]
  .rodata.name        const    0x0800b460    0x20  cmd.o [1]
  .rodata.name        const    0x0800b480    0x20  cmd.o [1]
  .rodata.name        const    0x0800b4a0    0x20  mem.o [1]
  .rodata.name        const    0x0800b4c0    0x20  pin.o [1]
  .rodata             const    0x0800b4e0    0x1c  cm_backtrace.o [1]
  .rodata             const    0x0800b4fc    0x1c  cm_backtrace.o [1]
  .rodata             const    0x0800b518    0x1c  cmd.o [1]
  .rodata             const    0x0800b534    0x1c  cmd.o [1]
  .rodata             const    0x0800b550    0x1c  cmd.o [1]
  .rodata             const    0x0800b56c    0x1c  cmd.o [1]
  .rodata             const    0x0800b588    0x1c  cmd.o [1]
  .rodata             const    0x0800b5a4    0x1c  device.o [1]
  .rodata             const    0x0800b5c0    0x1c  drv_gpio.o [1]
  .rodata             const    0x0800b5dc    0x1c  mem.o [1]
  .rodata             const    0x0800b5f8    0x1c  mem.o [1]
  .rodata             const    0x0800b614    0x1c  msh.o [1]
  .rodata             const    0x0800b630    0x1c  object.o [1]
  .rodata             const    0x0800b64c    0x1c  scheduler.o [1]
  .rodata             const    0x0800b668    0x1c  scheduler.o [1]
  .rodata             const    0x0800b684    0x1c  scheduler.o [1]
  .rodata             const    0x0800b6a0    0x1c  scheduler.o [1]
  .rodata             const    0x0800b6bc    0x1c  thread.o [1]
  .rodata.name        const    0x0800b6d8    0x1c  cmd.o [1]
  .rodata.name        const    0x0800b6f4    0x1c  cmd.o [1]
  .rodata.name        const    0x0800b710    0x1c  cmd.o [1]
  .rodata.name        const    0x0800b72c    0x1c  cmd.o [1]
  .rodata.name        const    0x0800b748    0x1c  cmd.o [1]
  .rodata.name        const    0x0800b764    0x1c  cmd.o [1]
  .rodata.name        const    0x0800b780    0x1c  cmd.o [1]
  .rodata.name        const    0x0800b79c    0x1c  msh.o [1]
  .rodata.name        const    0x0800b7b8    0x1c  pin.o [1]
  .rodata             const    0x0800b7d4    0x18  cmd.o [1]
  .rodata             const    0x0800b7ec    0x18  cmd.o [1]
  .rodata             const    0x0800b804    0x18  cmd.o [1]
  .rodata             const    0x0800b81c    0x18  cmd.o [1]
  .rodata             const    0x0800b834    0x18  cmd.o [1]
  .rodata             const    0x0800b84c    0x18  cmd.o [1]
  .rodata             const    0x0800b864    0x18  cmd.o [1]
  .rodata             const    0x0800b87c    0x18  cmd.o [1]
  .rodata             const    0x0800b894    0x18  cmd.o [1]
  .rodata             const    0x0800b8ac    0x18  completion.o [1]
  .rodata             const    0x0800b8c4    0x18  idle.o [1]
  .rodata             const    0x0800b8dc    0x18  msh.o [1]
  .rodata             const    0x0800b8f4    0x18  object.o [1]
  .rodata             const    0x0800b90c    0x18  pin.o [1]
  .rodata             const    0x0800b924    0x18  serial.o [1]
  .rodata             const    0x0800b93c    0x18  shell.o [1]
  .rodata             const    0x0800b954    0x18  shell.o [1]
  .rodata             const    0x0800b96c    0x18  thread.o [1]
  .rodata.name        const    0x0800b984    0x18  cmd.o [1]
  .rodata.name        const    0x0800b99c    0x18  cmd.o [1]
  .rodata.name        const    0x0800b9b4    0x18  cmd.o [1]
  .rodata.name        const    0x0800b9cc    0x18  cmd.o [1]
  .rodata.name        const    0x0800b9e4    0x18  cmd.o [1]
  .rodata.name        const    0x0800b9fc    0x18  cmd.o [1]
  .rodata.name        const    0x0800ba14    0x18  cmd.o [1]
  .rodata.name        const    0x0800ba2c    0x18  cmd.o [1]
  .rodata.name        const    0x0800ba44    0x18  cmd.o [1]
  .rodata.name        const    0x0800ba5c    0x18  cmd.o [1]
  .rodata.name        const    0x0800ba74    0x18  msh.o [1]
  .rodata.name        const    0x0800ba8c    0x18  pin.o [1]
  .rodata             const    0x0800baa4    0x14  cm_backtrace.o [1]
  .rodata             const    0x0800bab8    0x14  cm_backtrace.o [1]
  .rodata             const    0x0800bacc    0x14  cm_backtrace.o [1]
  .rodata             const    0x0800bae0    0x14  cmd.o [1]
  .rodata             const    0x0800baf4    0x14  cmd.o [1]
  .rodata             const    0x0800bb08    0x14  cmd.o [1]
  .rodata             const    0x0800bb1c    0x14  cmd.o [1]
  .rodata             const    0x0800bb30    0x14  cmd.o [1]
  .rodata             const    0x0800bb44    0x14  cmd.o [1]
  .rodata             const    0x0800bb58    0x14  cmd.o [1]
  .rodata             const    0x0800bb6c    0x14  cmd.o [1]
  .rodata             const    0x0800bb80    0x14  cmd.o [1]
  .rodata             const    0x0800bb94    0x14  cmd.o [1]
  .rodata             const    0x0800bba8    0x14  completion.o [1]
  .rodata             const    0x0800bbbc    0x14  completion.o [1]
  .rodata             const    0x0800bbd0    0x14  completion.o [1]
  .rodata             const    0x0800bbe4    0x14  components.o [1]
  .rodata             const    0x0800bbf8    0x14  device.o [1]
  .rodata             const    0x0800bc0c    0x14  drv_usart.o [1]
  .rodata             const    0x0800bc20    0x14  drv_usart.o [1]
  .rodata             const    0x0800bc34    0x14  drv_usart.o [1]
  .rodata             const    0x0800bc48    0x14  drv_usart.o [1]
  .rodata             const    0x0800bc5c    0x14  drv_usart.o [1]
  .rodata             const    0x0800bc70    0x14  ipc.o [1]
  .rodata             const    0x0800bc84    0x14  kservice.o [1]
  .rodata             const    0x0800bc98    0x14  kservice.o [1]
  .rodata             const    0x0800bcac    0x14  mem.o [1]
  .rodata             const    0x0800bcc0    0x14  mem.o [1]
  .rodata             const    0x0800bcd4    0x14  mem.o [1]
  .rodata             const    0x0800bce8    0x14  object.o [1]
  .rodata             const    0x0800bcfc    0x14  object.o [1]
  .rodata             const    0x0800bd10    0x14  object.o [1]
  .rodata             const    0x0800bd24    0x14  object.o [1]
  .rodata             const    0x0800bd38    0x14  object.o [1]
  .rodata             const    0x0800bd4c    0x14  scheduler.o [1]
  .rodata             const    0x0800bd60    0x14  serial.o [1]
  .rodata             const    0x0800bd74    0x14  serial.o [1]
  .rodata             const    0x0800bd88    0x14  serial.o [1]
  .rodata             const    0x0800bd9c    0x14  serial.o [1]
  .rodata             const    0x0800bdb0    0x14  serial.o [1]
  .rodata             const    0x0800bdc4    0x14  shell.o [1]
  .rodata             const    0x0800bdd8    0x14  shell.o [1]
  .rodata             const    0x0800bdec    0x14  thread.o [1]
  .rodata             const    0x0800be00    0x14  thread.o [1]
  .rodata             const    0x0800be14    0x14  thread.o [1]
  .rodata             const    0x0800be28    0x14  thread.o [1]
  .rodata             const    0x0800be3c    0x14  thread.o [1]
  .rodata             const    0x0800be50    0x14  timer.o [1]
  .rodata             const    0x0800be64    0x14  timer.o [1]
  .rodata.name        const    0x0800be78    0x14  cmd.o [1]
  .rodata.name        const    0x0800be8c    0x14  cmd.o [1]
  .rodata.name        const    0x0800bea0    0x14  cmd.o [1]
  .rodata.name        const    0x0800beb4    0x14  cmd.o [1]
  .rodata.name        const    0x0800bec8    0x14  cmd.o [1]
  .rodata.name        const    0x0800bedc    0x14  cmd.o [1]
  .rodata.name        const    0x0800bef0    0x14  cmd.o [1]
  .rodata.name        const    0x0800bf04    0x14  cmd.o [1]
  .rodata             const    0x0800bf18    0x10  cmd.o [1]
  .rodata             const    0x0800bf28    0x10  cmd.o [1]
  .rodata             const    0x0800bf38    0x10  cmd.o [1]
  .rodata             const    0x0800bf48    0x10  cmd.o [1]
  .rodata             const    0x0800bf58    0x10  cmd.o [1]
  .rodata             const    0x0800bf68    0x10  cmd.o [1]
  .rodata             const    0x0800bf78    0x10  cmd.o [1]
  .rodata             const    0x0800bf88    0x10  cmd.o [1]
  .rodata             const    0x0800bf98    0x10  cmd.o [1]
  .rodata             const    0x0800bfa8    0x10  cmd.o [1]
  .rodata             const    0x0800bfb8    0x10  cmd.o [1]
  .rodata             const    0x0800bfc8    0x10  cmd.o [1]
  .rodata             const    0x0800bfd8    0x10  components.o [1]
  .rodata             const    0x0800bfe8    0x10  device.o [1]
  .rodata             const    0x0800bff8    0x10  device.o [1]
  .rodata             const    0x0800c008    0x10  device.o [1]
  .rodata             const    0x0800c018    0x10  device.o [1]
  .rodata             const    0x0800c028    0x10  device.o [1]
  .rodata             const    0x0800c038    0x10  drv_usart.o [1]
  .rodata             const    0x0800c048    0x10  drv_usart.o [1]
  .rodata             const    0x0800c058    0x10  drv_usart.o [1]
  .rodata             const    0x0800c068    0x10  drv_usart.o [1]
  .rodata             const    0x0800c078    0x10  ipc.o [1]
  .rodata             const    0x0800c088    0x10  ipc.o [1]
  .rodata             const    0x0800c098    0x10  mem.o [1]
  .rodata             const    0x0800c0a8    0x10  msh.o [1]
  .rodata             const    0x0800c0b8    0x10  object.o [1]
  .rodata             const    0x0800c0c8    0x10  object.o [1]
  .rodata             const    0x0800c0d8    0x10  object.o [1]
  .rodata             const    0x0800c0e8    0x10  pin.o [1]
  .rodata             const    0x0800c0f8    0x10  pin.o [1]
  .rodata             const    0x0800c108    0x10  pin.o [1]
  .rodata             const    0x0800c118    0x10  pin.o [1]
  .rodata             const    0x0800c128    0x10  serial.o [1]
  .rodata             const    0x0800c138    0x10  serial.o [1]
  .rodata             const    0x0800c148    0x10  serial.o [1]
  .rodata             const    0x0800c158    0x10  serial.o [1]
  .rodata             const    0x0800c168    0x10  serial.o [1]
  .rodata             const    0x0800c178    0x10  serial.o [1]
  .rodata             const    0x0800c188    0x10  serial.o [1]
  .rodata             const    0x0800c198    0x10  serial.o [1]
  .rodata             const    0x0800c1a8    0x10  serial.o [1]
  .rodata             const    0x0800c1b8    0x10  serial.o [1]
  .rodata             const    0x0800c1c8    0x10  serial.o [1]
  .rodata             const    0x0800c1d8    0x10  serial.o [1]
  .rodata             const    0x0800c1e8    0x10  shell.o [1]
  .rodata             const    0x0800c1f8    0x10  shell.o [1]
  .rodata             const    0x0800c208    0x10  system_stm32f4xx.o [1]
  .rodata             const    0x0800c218    0x10  thread.o [1]
  .rodata             const    0x0800c228    0x10  thread.o [1]
  .rodata             const    0x0800c238    0x10  thread.o [1]
  .rodata             const    0x0800c248    0x10  timer.o [1]
  .rodata             const    0x0800c258    0x10  timer.o [1]
  .rodata             const    0x0800c268    0x10  timer.o [1]
  .rodata             const    0x0800c278    0x10  timer.o [1]
  .rodata.name        const    0x0800c288    0x10  board.o [1]
  .rodata.name        const    0x0800c298    0x10  board.o [1]
  .rodata.name        const    0x0800c2a8    0x10  cmd.o [1]
  .rodata.name        const    0x0800c2b8    0x10  cmd.o [1]
  .rodata.name        const    0x0800c2c8    0x10  cmd.o [1]
  .rodata.name        const    0x0800c2d8    0x10  cmd.o [1]
  .rodata.name        const    0x0800c2e8    0x10  cmd.o [1]
  .rodata.name        const    0x0800c2f8    0x10  cmd.o [1]
  .rodata             const    0x0800c308     0xc  cm_backtrace.o [1]
  .rodata             const    0x0800c314     0xc  cm_backtrace.o [1]
  .rodata             const    0x0800c320     0xc  cmd.o [1]
  .rodata             const    0x0800c32c     0xc  cmd.o [1]
  .rodata             const    0x0800c338     0xc  cmd.o [1]
  .rodata             const    0x0800c344     0xc  cmd.o [1]
  .rodata             const    0x0800c350     0xc  cmd.o [1]
  .rodata             const    0x0800c35c     0xc  cmd.o [1]
  .rodata             const    0x0800c368     0xc  cmd.o [1]
  .rodata             const    0x0800c374     0xc  cmd.o [1]
  .rodata             const    0x0800c380     0xc  cmd.o [1]
  .rodata             const    0x0800c38c     0xc  cmd.o [1]
  .rodata             const    0x0800c398     0xc  cmd.o [1]
  .rodata             const    0x0800c3a4     0xc  cmd.o [1]
  .rodata             const    0x0800c3b0     0xc  cmd.o [1]
  .rodata             const    0x0800c3bc     0xc  cmd.o [1]
  .rodata             const    0x0800c3c8     0xc  drv_usart.o [1]
  .rodata             const    0x0800c3d4     0xc  drv_usart.o [1]
  .rodata             const    0x0800c3e0     0xc  drv_usart.o [1]
  .rodata             const    0x0800c3ec     0xc  ipc.o [1]
  .rodata             const    0x0800c3f8     0xc  ipc.o [1]
  .rodata             const    0x0800c404     0xc  kservice.o [1]
  .rodata             const    0x0800c410     0xc  kservice.o [1]
  .rodata             const    0x0800c41c     0xc  main.o [1]
  .rodata             const    0x0800c428     0xc  mem.o [1]
  .rodata             const    0x0800c434     0xc  mem.o [1]
  .rodata             const    0x0800c440     0xc  mem.o [1]
  .rodata             const    0x0800c44c     0xc  msh.o [1]
  .rodata             const    0x0800c458     0xc  pin.o [1]
  .rodata             const    0x0800c464     0xc  pin.o [1]
  .rodata             const    0x0800c470     0xc  pin.o [1]
  .rodata             const    0x0800c47c     0xc  pin.o [1]
  .rodata             const    0x0800c488     0xc  pin.o [1]
  .rodata.name        const    0x0800c494     0xc  cmd.o [1]
  .rodata.name        const    0x0800c4a0     0xc  cmd.o [1]
  .rodata.name        const    0x0800c4ac     0xc  cmd.o [1]
  .rodata.name        const    0x0800c4b8     0xc  cmd.o [1]
  .rodata.name        const    0x0800c4c4     0xc  cmd.o [1]
  .rodata.name        const    0x0800c4d0     0xc  cmd.o [1]
  .rodata.name        const    0x0800c4dc     0xc  cmd.o [1]
  .rodata.name        const    0x0800c4e8     0xc  cmd.o [1]
  .rodata.name        const    0x0800c4f4     0xc  cmd.o [1]
  .rodata.name        const    0x0800c500     0xc  mem.o [1]
  .rodata.name        const    0x0800c50c     0xc  msh.o [1]
  .rodata.name        const    0x0800c518     0xc  msh.o [1]
  .rodata.name        const    0x0800c524     0xc  msh.o [1]
  .rodata.name        const    0x0800c530     0xc  pin.o [1]
  .rodata             const    0x0800c53c     0x8  board.o [1]
  .rodata             const    0x0800c544     0x8  cm_backtrace.o [1]
  .rodata             const    0x0800c54c     0x8  cm_backtrace.o [1]
  .rodata             const    0x0800c554     0x8  cm_backtrace.o [1]
  .rodata             const    0x0800c55c     0x8  cm_backtrace.o [1]
  .rodata             const    0x0800c564     0x8  cm_backtrace.o [1]
  .rodata             const    0x0800c56c     0x8  cmd.o [1]
  .rodata             const    0x0800c574     0x8  cmd.o [1]
  .rodata             const    0x0800c57c     0x8  cmd.o [1]
  .rodata             const    0x0800c584     0x8  cmd.o [1]
  .rodata             const    0x0800c58c     0x8  cmd.o [1]
  .rodata             const    0x0800c594     0x8  cmd.o [1]
  .rodata             const    0x0800c59c     0x8  cmd.o [1]
  .rodata             const    0x0800c5a4     0x8  cmd.o [1]
  .rodata             const    0x0800c5ac     0x8  cmd.o [1]
  .rodata             const    0x0800c5b4     0x8  cmd.o [1]
  .rodata             const    0x0800c5bc     0x8  cmd.o [1]
  .rodata             const    0x0800c5c4     0x8  cmd.o [1]
  .rodata             const    0x0800c5cc     0x8  components.o [1]
  .rodata             const    0x0800c5d4     0x8  drv_usart.o [1]
  .rodata             const    0x0800c5dc     0x8  drv_usart.o [1]
  .rodata             const    0x0800c5e4     0x8  idle.o [1]
  .rodata             const    0x0800c5ec     0x8  kservice.o [1]
  .rodata             const    0x0800c5f4     0x8  main.o [1]
  .rodata             const    0x0800c5fc     0x8  main.o [1]
  .rodata             const    0x0800c604     0x8  mem.o [1]
  .rodata             const    0x0800c60c     0x8  mem.o [1]
  .rodata             const    0x0800c614     0x8  msh.o [1]
  .rodata             const    0x0800c61c     0x8  msh.o [1]
  .rodata             const    0x0800c624     0x8  serial.o [1]
  .rodata             const    0x0800c62c     0x8  shell.o [1]
  .rodata             const    0x0800c634     0x8  shell.o [1]
  .rodata             const    0x0800c63c     0x8  shell.o [1]
  .rodata             const    0x0800c644     0x8  shell.o [1]
  .rodata             const    0x0800c64c     0x8  shell.o [1]
  .rodata             const    0x0800c654     0x8  shell.o [1]
  .rodata             const    0x0800c65c     0x8  shell.o [1]
  .rodata             const    0x0800c664     0x8  system_stm32f4xx.o [1]
  .rodata             const    0x0800c66c     0x8  timer.o [1]
  .rodata.name        const    0x0800c674     0x8  cmd.o [1]
  .rodata.name        const    0x0800c67c     0x8  cmd.o [1]
  .rodata.name        const    0x0800c684     0x8  cmd.o [1]
  .rodata.name        const    0x0800c68c     0x8  cmd.o [1]
  .rodata.name        const    0x0800c694     0x8  pin.o [1]
  .rodata.name        const    0x0800c69c     0x8  pin.o [1]
  .rodata.name        const    0x0800c6a4     0x8  pin.o [1]
  .rodata             const    0x0800c6ac     0x4  cm_backtrace.o [1]
  .rodata             const    0x0800c6b0     0x4  cm_backtrace.o [1]
  .rodata             const    0x0800c6b4     0x4  cm_backtrace.o [1]
  .rodata             const    0x0800c6b8     0x4  cm_backtrace.o [1]
  .rodata             const    0x0800c6bc     0x4  cm_backtrace.o [1]
  .rodata             const    0x0800c6c0     0x4  cm_backtrace.o [1]
  .rodata             const    0x0800c6c4     0x4  cm_backtrace.o [1]
  .rodata             const    0x0800c6c8     0x4  cm_backtrace.o [1]
  .rodata             const    0x0800c6cc     0x4  cmd.o [1]
  .rti_fn.0           const    0x0800c6d0     0x4  components.o [1]
  .rti_fn.0.end       const    0x0800c6d4     0x4  components.o [1]
  .rti_fn.1.end       const    0x0800c6d8     0x4  components.o [1]
  .rti_fn.4           const    0x0800c6dc     0x4  libc.o [1]
  .rti_fn.6           const    0x0800c6e0     0x4  shell.o [1]
  .rti_fn.6.end       const    0x0800c6e4     0x4  components.o [1]
  .rodata             const    0x0800c6e8     0x0  zero_init3.o [5]
  .rodata             const    0x0800c6e8     0x0  packbits_init.o [5]
  Initializer bytes   ro data  0x0800c6e8     0x2  <for RTT_KERNEL-1>
  Initializer bytes   ro data  0x0800c6ea   0x10c  <for P2 s0>
                             - 0x0800c7f6  0xc66e

"P3":                                      0x2780
  RTT_KERNEL                   0x10000000   0x77c  <Block>
    RTT_KERNEL-1               0x10000000     0x1  <Init block>
      .data           inited   0x10000000     0x1  timer.o [1]
    .bss              zero     0x10000004     0x4  clock.o [1]
    .bss              zero     0x10000008    0x20  cm_backtrace.o [1]
    .bss              zero     0x10000028    0x20  cm_backtrace.o [1]
    .bss              zero     0x10000048    0x20  cm_backtrace.o [1]
    .bss              zero     0x10000068     0x4  cm_backtrace.o [1]
    .bss              zero     0x1000006c     0x4  cm_backtrace.o [1]
    .bss              zero     0x10000070     0x4  cm_backtrace.o [1]
    .bss              zero     0x10000074     0x4  cm_backtrace.o [1]
    .bss              zero     0x10000078    0x90  cm_backtrace.o [1]
    .bss              zero     0x10000108    0x44  cm_backtrace.o [1]
    .bss              zero     0x1000014c    0x80  idle.o [1]
    .bss              zero     0x100001cc   0x100  idle.o [1]
    .bss              zero     0x100002cc    0x10  idle.o [1]
    .bss              zero     0x100002dc     0x4  mem.o [1]
    .bss              zero     0x100002e0     0x4  mem.o [1]
    .bss              zero     0x100002e4     0x4  mem.o [1]
    .bss              zero     0x100002e8     0x4  mem.o [1]
    .bss              zero     0x100002ec     0x4  mem.o [1]
    .bss              zero     0x100002f0    0x20  mem.o [1]
    .bss              zero     0x10000310     0x4  mem.o [1]
    .bss              zero     0x10000314     0x4  mem.o [1]
    .bss              zero     0x10000318     0x4  mem.o [1]
    .bss              zero     0x1000031c   0x100  scheduler.o [1]
    .bss              zero     0x1000041c     0x4  scheduler.o [1]
    .bss              zero     0x10000420     0x4  scheduler.o [1]
    .bss              zero     0x10000424     0x8  scheduler.o [1]
    .bss              zero     0x1000042c     0x4  scheduler.o [1]
    .bss              zero     0x10000430     0x4  shell.o [1]
    .bss              zero     0x10000434     0x4  shell.o [1]
    .bss              zero     0x10000438     0x4  shell.o [1]
    .bss              zero     0x1000043c     0x4  shell.o [1]
    .bss              zero     0x10000440     0x4  shell.o [1]
    .bss              zero     0x10000444     0x4  shell.o [1]
    .bss              zero     0x10000448    0x84  shell.o [1]
    .bss              zero     0x100004cc     0x4  thread.o [1]
    .bss              zero     0x100004d0     0x4  thread.o [1]
    .bss              zero     0x100004d4     0x4  thread.o [1]
    .bss              zero     0x100004d8     0x8  timer.o [1]
    .bss              zero     0x100004e0     0x8  timer.o [1]
    .bss              zero     0x100004e8    0x80  timer.o [1]
    .bss              zero     0x10000568   0x200  timer.o [1]
    .bss              zero     0x10000768     0x4  timer.o [1]
    .bss              zero     0x1000076c     0x4  timer.o [1]
    .bss              zero     0x10000770     0x4  timer.o [1]
    .bss              zero     0x10000774     0x2  scheduler.o [1]
    .bss              zero     0x10000776     0x1  cm_backtrace.o [1]
    .bss              zero     0x10000777     0x1  cm_backtrace.o [1]
    .bss              zero     0x10000778     0x1  cm_backtrace.o [1]
    .bss              zero     0x10000779     0x1  cm_backtrace.o [1]
    .bss              zero     0x1000077a     0x1  cm_backtrace.o [1]
    .bss              zero     0x1000077b     0x1  scheduler.o [1]
  CSTACK                       0x10000780  0x2000  <Block>
    CSTACK            uninit   0x10000780  0x2000  <Block tail>
                             - 0x10002780  0x2780

"P2":                                       0x420
  P2 s0                        0x20000000   0x276  <Init block>
    .data             inited   0x20000000    0xc0  drv_gpio.o [1]
    .data             inited   0x200000c0    0x90  object.o [1]
    __DLIB_PERTHREAD  inited   0x20000150    0x88  localeconv.o [3]
    __DLIB_PERTHREAD  inited   0x200001d8    0x74  setlocale.o [3]
    .data             inited   0x2000024c    0x14  drv_usart.o [1]
    .data             inited   0x20000260    0x10  led_drv.o [1]
    .data             inited   0x20000270     0x4  system_stm32f4xx.o [1]
    .data             inited   0x20000274     0x1  led_drv.o [1]
    .data             inited   0x20000275     0x1  stm32f4xx_hal.o [1]
  .bss                zero     0x20000278    0x9c  drv_usart.o [1]
  .bss                zero     0x20000314    0x80  kservice.o [1]
  .bss                zero     0x20000394    0x44  pin.o [1]
  .bss                zero     0x200003d8     0x4  cpuport.o [1]
  .bss                zero     0x200003dc     0x4  cpuport.o [1]
  .bss                zero     0x200003e0     0x4  cpuport.o [1]
  .bss                zero     0x200003e4     0x4  drv_gpio.o [1]
  .bss                zero     0x200003e8     0x4  irq.o [1]
  .bss                zero     0x200003ec     0x4  irq.o [1]
  .bss                zero     0x200003f0     0x4  kservice.o [1]
  .bss                zero     0x200003f4     0x4  kservice.o [1]
  .bss                zero     0x200003f8     0x4  kservice.o [1]
  .bss                zero     0x200003fc     0x4  main.o [1]
  .bss                zero     0x20000400     0x4  object.o [1]
  .bss                zero     0x20000404     0x4  object.o [1]
  .bss                zero     0x20000408     0x4  object.o [1]
  .bss                zero     0x2000040c     0x4  object.o [1]
  .bss                zero     0x20000410     0x4  object.o [1]
  .bss                zero     0x20000414     0x4  serial.o [1]
  .bss                zero     0x20000418     0x4  stm32f4xx_hal.o [1]
  .bss                zero     0x2000041c     0x1  irq.o [1]
                             - 0x2000041d   0x41d


*******************************************************************************
*** INIT TABLE
***

          Address     Size
          -------     ----
Zero (__iar_zero_init3)
    2 destination ranges, total size 0x91d:
          0x10000004  0x778
          0x20000278  0x1a5

Copy/packbits (__iar_packbits_init3)
    1 source range, total size 0x2 (200% of destination):
          0x0800c6e8    0x2
    1 destination range, total size 0x1:
          0x10000000    0x1

Copy/packbits (__iar_packbits_init3)
    1 source range, total size 0x10c (42% of destination):
          0x0800c6ea  0x10c
    1 destination range, total size 0x276:
          0x20000000  0x276



*******************************************************************************
*** MODULE SUMMARY
***

    Module                  ro code  ro data  rw data
    ------                  -------  -------  -------
F:\1_git_code\RT-Thread-project\4.0.3\ATK_IAR_RTT_TEMPLATE\ATK_RTT_OTA_APP_For_IAR7\ide\Debug\Obj: [1]
    board.o                     432      156
    clock.o                     140                 4
    cm_backtrace.o            2 588    2 676      329
    cmb_fault.o                  12
    cmd.o                     2 716    2 936
    completion.o                380      172
    components.o                206       60
    context_iar.o               256
    cpuport.o                   108                12
    device.o                    644      244
    drv_common_app.o             38
    drv_gpio.o                1 848      173      196
    drv_usart.o               1 056      224      176
    idle.o                      300       72      400
    ipc.o                       756      244
    irq.o                       120                 9
    kservice.o                2 020      240      140
    led_app.o                    32
    led_drv.o                   132        7       17
    libc.o                        4        4
    main.o                       88       28        4
    mem.o                     1 572      868       64
    mem_std.o                    24
    msh.o                       892      292
    msp_uart.o                  164
    object.o                    820      345      164
    pin.o                       524      352       68
    scheduler.o                 880      188      279
    serial.o                  1 880      424        4
    shell.o                   2 512      212      156
    startup_stm32f407xx.o       724
    stm32f4xx_hal.o              88        1        5
    stm32f4xx_hal_cortex.o      412
    stm32f4xx_hal_dma.o         198
    stm32f4xx_hal_gpio.o        980
    stm32f4xx_hal_msp.o          72
    stm32f4xx_hal_rcc.o       1 628
    stm32f4xx_hal_rcc_ex.o      388
    stm32f4xx_hal_uart.o      1 344
    system_stm32f4xx.o          108       26        4
    thread.o                  1 268      420       12
    timer.o                   1 608      254      669
    -------------------------------------------------
    Total:                   31 962   10 618    2 712

command line: [2]
    -------------------------------------------------
    Total:

dl7M_tlf.a: [3]
    abort.o                       6
    div.o                        14
    exit.o                        4
    localeconv.o                108       58      136
    setlocale.o                  20       50      116
    sprintf.o                    52
    strcat.o                     28
    strncmp.o                    42
    xencoding_sb.o               96
    xmbcurmax.o                  10
    xmbtowc.o                    32
    xprintffull.o             4 430
    xsprout.o                    10
    xtls.o                        2
    xwctomb.o                    26
    -------------------------------------------------
    Total:                    4 880      108      252

m7M_tlv.a: [4]
    DblAdd.o                    212
    DblCmpGe.o                   46
    DblCmpLe.o                   46
    DblDiv.o                    582
    DblMul.o                    418
    DblSub.o                    384
    DblToI32.o                   88
    I32ToDbl.o                   48
    fpinit_M.o                   26
    xdnorm.o                     66
    xdscale.o                   276
    -------------------------------------------------
    Total:                    2 192

rt7M_tl.a: [5]
    ABImemclr4.o                  6
    ABImemcpy_unaligned.o       118
    ABImemset.o                 102
    ABImemset48.o                50
    I64DivMod.o                 238
    I64DivZer.o                   2
    cexit.o                      10
    cmain.o                      26
    cstartup_M.o                 12
    data_init.o                  40
    memchr.o                     88
    memcmp_unaligned.o           98
    packbits_init.o             210
    strchr.o                     22
    strcpy_unaligned.o           68
    strlen.o                     54
    strncpy_unaligned.o         108
    zero_init3.o                 34
    -------------------------------------------------
    Total:                    1 286

shb_l.a: [6]
    exit.o                       20
    -------------------------------------------------
    Total:                       20

    Gaps                         44                 5
    Linker created                        80    8 192
-----------------------------------------------------
    Grand Total:             40 384   10 806   11 161


*******************************************************************************
*** ENTRY LIST
***

Entry                      Address   Size  Type      Object
-----                      -------   ----  ----      ------
.text$$Base             0x08000188          --   Gb  - Linker created -
.text$$Limit            0x08009dc0          --   Gb  - Linker created -
?main                   0x08009b3d         Code  Gb  cmain.o [5]
AHBPrescTable           0x0800c208   0x10  Data  Gb  system_stm32f4xx.o [1]
APBPrescTable           0x0800c664    0x8  Data  Gb  system_stm32f4xx.o [1]
CSTACK$$Base            0x10000780          --   Gb  - Linker created -
CSTACK$$Limit           0x10002780          --   Gb  - Linker created -
DMA_SetConfig           0x08005805   0x2e  Code  Lc  stm32f4xx_hal_dma.o [1]
EXTI0_IRQHandler        0x080019e3   0x12  Code  Gb  drv_gpio.o [1]
EXTI15_10_IRQHandler    0x08001a6b   0x3c  Code  Gb  drv_gpio.o [1]
EXTI1_IRQHandler        0x080019f5   0x12  Code  Gb  drv_gpio.o [1]
EXTI2_IRQHandler        0x08001a07   0x12  Code  Gb  drv_gpio.o [1]
EXTI3_IRQHandler        0x08001a19   0x12  Code  Gb  drv_gpio.o [1]
EXTI4_IRQHandler        0x08001a2b   0x12  Code  Gb  drv_gpio.o [1]
EXTI9_5_IRQHandler      0x08001a3d   0x2e  Code  Gb  drv_gpio.o [1]
FSymTab$$Base           0x08009dc0          --   Gb  - Linker created -
FSymTab$$Limit          0x08009f4c          --   Gb  - Linker created -
HAL_DMA_Start_IT        0x0800576d   0x98  Code  Gb  stm32f4xx_hal_dma.o [1]
HAL_GPIO_DeInit         0x08003ed5  0x162  Code  Gb  stm32f4xx_hal_gpio.o [1]
HAL_GPIO_EXTI_Callback  0x080019d1   0x12  Code  Gb  drv_gpio.o [1]
HAL_GPIO_EXTI_IRQHandler
                        0x08004063   0x1e  Code  Gb  stm32f4xx_hal_gpio.o [1]
HAL_GPIO_Init           0x08003ce9  0x1ec  Code  Gb  stm32f4xx_hal_gpio.o [1]
HAL_GPIO_ReadPin        0x08004037   0x18  Code  Gb  stm32f4xx_hal_gpio.o [1]
HAL_GPIO_WritePin       0x0800404f   0x14  Code  Gb  stm32f4xx_hal_gpio.o [1]
HAL_GetTick             0x080002d1    0x8  Code  Gb  board.o [1]
HAL_IncTick             0x08000de3   0x10  Code  Wk  stm32f4xx_hal.o [1]
HAL_Init                0x08000da9   0x3a  Code  Gb  stm32f4xx_hal.o [1]
HAL_InitTick            0x080002d9    0x6  Code  Gb  board.o [1]
HAL_MspInit             0x08002b01   0x48  Code  Gb  stm32f4xx_hal_msp.o [1]
HAL_NVIC_DisableIRQ     0x08000cd1    0xe  Code  Gb  stm32f4xx_hal_cortex.o [1]
HAL_NVIC_EnableIRQ      0x08000cc3    0xe  Code  Gb  stm32f4xx_hal_cortex.o [1]
HAL_NVIC_SetPriority    0x08000c9d   0x26  Code  Gb  stm32f4xx_hal_cortex.o [1]
HAL_NVIC_SetPriorityGrouping
                        0x08000c91    0xc  Code  Gb  stm32f4xx_hal_cortex.o [1]
HAL_RCCEx_PeriphCLKConfig
                        0x080009a5  0x160  Code  Gb  stm32f4xx_hal_rcc_ex.o [1]
HAL_RCC_ClockConfig     0x0800073f  0x166  Code  Gb  stm32f4xx_hal_rcc.o [1]
HAL_RCC_GetHCLKFreq     0x08000933    0x6  Code  Gb  stm32f4xx_hal_rcc.o [1]
HAL_RCC_GetPCLK1Freq    0x08000939   0x16  Code  Gb  stm32f4xx_hal_rcc.o [1]
HAL_RCC_GetPCLK2Freq    0x0800094f   0x16  Code  Gb  stm32f4xx_hal_rcc.o [1]
HAL_RCC_GetSysClockFreq
                        0x080008a5   0x8e  Code  Wk  stm32f4xx_hal_rcc.o [1]
HAL_RCC_OscConfig       0x08000349  0x3f6  Code  Wk  stm32f4xx_hal_rcc.o [1]
HAL_SYSTICK_CLKSourceConfig
                        0x08000ceb   0x20  Code  Gb  stm32f4xx_hal_cortex.o [1]
HAL_SYSTICK_Config      0x08000cdf    0xc  Code  Gb  stm32f4xx_hal_cortex.o [1]
HAL_UART_DeInit         0x0800433f   0x3e  Code  Gb  stm32f4xx_hal_uart.o [1]
HAL_UART_ErrorCallback  0x08004417    0x2  Code  Wk  stm32f4xx_hal_uart.o [1]
HAL_UART_Init           0x080042c9   0x76  Code  Gb  stm32f4xx_hal_uart.o [1]
HAL_UART_MspDeInit      0x08005739   0x24  Code  Gb  msp_uart.o [1]
HAL_UART_MspInit        0x080056c9   0x70  Code  Gb  msp_uart.o [1]
HAL_UART_Transmit_DMA   0x0800437d   0x96  Code  Gb  stm32f4xx_hal_uart.o [1]
HAL_UART_TxCpltCallback
                        0x08004413    0x2  Code  Wk  stm32f4xx_hal_uart.o [1]
HAL_UART_TxHalfCpltCallback
                        0x08004415    0x2  Code  Wk  stm32f4xx_hal_uart.o [1]
HardFault_Handler       0x080081c1         Code  Gb  cmb_fault.o [1]
InStream_Read           0x08009ce9   0x22  Code  Lc  packbits_init.o [5]
LEDThread               0x200003fc    0x4  Data  Lc  main.o [1]
LED_NUMBER              0x20000274    0x1  Data  Lc  led_drv.o [1]
LED_init                0x080059b1   0x30  Code  Gb  led_drv.o [1]
LoadInt                 0x08006c29   0x6e  Code  Lc  xprintffull.o [3]
NVIC_EncodePriority     0x08000c23   0x3e  Code  Lc  stm32f4xx_hal_cortex.o [1]
PendSV_Handler          0x08002a2d         Code  Gb  context_iar.o [1]
RTT_KERNEL$$Base        0x10000000          --   Gb  - Linker created -
RTT_KERNEL$$Limit       0x1000077c          --   Gb  - Linker created -
Region$$Table$$Base     0x0800b2d0          --   Gb  - Linker created -
Region$$Table$$Limit    0x0800b320          --   Gb  - Linker created -
SysTick_Config          0x08000c61   0x30  Code  Lc  stm32f4xx_hal_cortex.o [1]
SysTick_Handler         0x080002bd   0x14  Code  Gb  board.o [1]
SystemClock_Config      0x080001af   0xde  Code  Gb  board.o [1]
SystemCoreClock         0x20000270    0x4  Data  Gb  system_stm32f4xx.o [1]
SystemInit              0x08009ab5   0x4c  Code  Gb  system_stm32f4xx.o [1]
UART_DMAError           0x0800445d   0x5c  Code  Lc  stm32f4xx_hal_uart.o [1]
UART_DMATransmitCplt    0x08004419   0x34  Code  Lc  stm32f4xx_hal_uart.o [1]
UART_DMATxHalfCplt      0x0800444d    0xe  Code  Lc  stm32f4xx_hal_uart.o [1]
UART_EndRxTransfer      0x080044cd   0x20  Code  Lc  stm32f4xx_hal_uart.o [1]
UART_EndTxTransfer      0x080044b9   0x14  Code  Lc  stm32f4xx_hal_uart.o [1]
UART_SetConfig          0x080044ed  0x30c  Code  Lc  stm32f4xx_hal_uart.o [1]
USART1_IRQHandler       0x08001f0d   0x12  Code  Gb  drv_usart.o [1]
VSymTab$$Base           0x00000000          --   Gb  - Linker created -
VSymTab$$Limit          0x00000000          --   Gb  - Linker created -
_EncodingSb_Mbtowc      0x080080a3   0x30  Code  Gb  xencoding_sb.o [3]
_EncodingSb_Wctomb      0x08008089   0x1a  Code  Gb  xencoding_sb.o [3]
_Error_Handler          0x080002df    0x2  Code  Gb  board.o [1]
_GenldFull              0x080074b3  0x24c  Code  Lc  xprintffull.o [3]
_IsdstStr               0x200001dc    0x4  Data  Gb  setlocale.o [3]
_LdtobFull              0x080070b1  0x3fc  Code  Lc  xprintffull.o [3]
_LitobFull              0x08006fa9  0x106  Code  Lc  xprintffull.o [3]
_LocaleEncoding         0x08008075    0xe  Code  Gb  setlocale.o [3]
_LocaleReturnString     0x200001fc   0x50  Data  Lc  setlocale.o [3]
_Locale_Profile         0x200001e0   0x1c  Data  Gb  setlocale.o [3]
_Locale_aeabi_lconv     0x200001a0   0x38  Data  Gb  localeconv.o [3]
_Locale_lconv           0x20000150   0x50  Data  Gb  localeconv.o [3]
_Mbtowc                 0x08007747   0x20  Code  Gb  xmbtowc.o [3]
_PrintfFull             0x080065f9  0x618  Code  Gb  xprintffull.o [3]
_PutcharsFull           0x080076ff   0x2e  Code  Lc  xprintffull.o [3]
_PutstrFull             0x08006c97  0x30c  Code  Lc  xprintffull.o [3]
_SProut                 0x0800033f    0xa  Code  Gb  xsprout.o [3]
_TzoneStr               0x200001d8    0x4  Data  Gb  setlocale.o [3]
_Wctomb                 0x08007833   0x1a  Code  Gb  xwctomb.o [3]
__NVIC_DisableIRQ       0x08001be9   0x24  Code  Lc  drv_usart.o [1]
__NVIC_DisableIRQ       0x08000bdb   0x22  Code  Lc  stm32f4xx_hal_cortex.o [1]
__NVIC_EnableIRQ        0x08000bc1   0x1a  Code  Lc  stm32f4xx_hal_cortex.o [1]
__NVIC_GetPriorityGrouping
                        0x08000bb7    0xa  Code  Lc  stm32f4xx_hal_cortex.o [1]
__NVIC_SetPriority      0x08000189   0x26  Code  Lc  board.o [1]
__NVIC_SetPriority      0x08000bfd   0x26  Code  Lc  stm32f4xx_hal_cortex.o [1]
__NVIC_SetPriorityGrouping
                        0x08000b95   0x22  Code  Lc  stm32f4xx_hal_cortex.o [1]
__aeabi_cdcmple         0x08007891         Code  Gb  DblCmpLe.o [4]
__aeabi_cdrcmple        0x080078c1         Code  Gb  DblCmpGe.o [4]
__aeabi_d2iz            0x08007a05         Code  Gb  DblToI32.o [4]
__aeabi_d2uiz           0x08007a31         Code  Gb  DblToI32.o [4]
__aeabi_ddiv            0x08007db1         Code  Gb  DblDiv.o [4]
__aeabi_dmul            0x08007c0d         Code  Gb  DblMul.o [4]
__aeabi_dsub            0x08007a8d         Code  Gb  DblSub.o [4]
__aeabi_i2d             0x08007a5d         Code  Gb  I32ToDbl.o [4]
__aeabi_ldiv0           0x08005391         Code  Gb  I64DivZer.o [5]
__aeabi_memclr4         0x08000339         Code  Gb  ABImemclr4.o [5]
__aeabi_memset          0x08006591         Code  Gb  ABImemset.o [5]
__aeabi_ui2d            0x08007a71         Code  Gb  I32ToDbl.o [4]
__aeabi_uldivmod        0x08002911         Code  Gb  I64DivMod.o [5]
__as_entries_start      0xffffffff          --   Gb  command line/config [2]
__as_table_start        0xffffffff          --   Gb  command line/config [2]
__cmain                 0x08009b3d         Code  Gb  cmain.o [5]
__exit                  0x08009b69   0x14  Code  Gb  exit.o [6]
__fsym___cmd_clear      0x08009de4    0xc  Data  Gb  cmd.o [1]
__fsym___cmd_clear_desc
                        0x0800b6f4   0x1c  Data  Gb  cmd.o [1]
__fsym___cmd_clear_name
                        0x0800c494    0xc  Data  Gb  cmd.o [1]
__fsym___cmd_free       0x08009f10    0xc  Data  Gb  msh.o [1]
__fsym___cmd_free_desc  0x0800b0f8   0x28  Data  Gb  msh.o [1]
__fsym___cmd_free_name  0x0800c524    0xc  Data  Gb  msh.o [1]
__fsym___cmd_help       0x08009ef8    0xc  Data  Gb  msh.o [1]
__fsym___cmd_help_desc  0x0800ba74   0x18  Data  Gb  msh.o [1]
__fsym___cmd_help_name  0x0800c50c    0xc  Data  Gb  msh.o [1]
__fsym___cmd_list_device
                        0x08009ed4    0xc  Data  Gb  cmd.o [1]
__fsym___cmd_list_device_desc
                        0x0800ba5c   0x18  Data  Gb  cmd.o [1]
__fsym___cmd_list_device_name
                        0x0800bf04   0x14  Data  Gb  cmd.o [1]
__fsym___cmd_list_event
                        0x08009e44    0xc  Data  Gb  cmd.o [1]
__fsym___cmd_list_event_desc
                        0x0800b99c   0x18  Data  Gb  cmd.o [1]
__fsym___cmd_list_event_name
                        0x0800be8c   0x14  Data  Gb  cmd.o [1]
__fsym___cmd_list_mailbox
                        0x08009e74    0xc  Data  Gb  cmd.o [1]
__fsym___cmd_list_mailbox_desc
                        0x0800b9fc   0x18  Data  Gb  cmd.o [1]
__fsym___cmd_list_mailbox_name
                        0x0800beb4   0x14  Data  Gb  cmd.o [1]
__fsym___cmd_list_mempool
                        0x08009ea4    0xc  Data  Gb  cmd.o [1]
__fsym___cmd_list_mempool_desc
                        0x0800b764   0x1c  Data  Gb  cmd.o [1]
__fsym___cmd_list_mempool_name
                        0x0800bedc   0x14  Data  Gb  cmd.o [1]
__fsym___cmd_list_msgqueue
                        0x08009e8c    0xc  Data  Gb  cmd.o [1]
__fsym___cmd_list_msgqueue_desc
                        0x0800b480   0x20  Data  Gb  cmd.o [1]
__fsym___cmd_list_msgqueue_name
                        0x0800bec8   0x14  Data  Gb  cmd.o [1]
__fsym___cmd_list_mutex
                        0x08009e5c    0xc  Data  Gb  cmd.o [1]
__fsym___cmd_list_mutex_desc
                        0x0800b9cc   0x18  Data  Gb  cmd.o [1]
__fsym___cmd_list_mutex_name
                        0x0800bea0   0x14  Data  Gb  cmd.o [1]
__fsym___cmd_list_sem   0x08009e2c    0xc  Data  Gb  cmd.o [1]
__fsym___cmd_list_sem_desc
                        0x0800b72c   0x1c  Data  Gb  cmd.o [1]
__fsym___cmd_list_sem_name
                        0x0800c2c8   0x10  Data  Gb  cmd.o [1]
__fsym___cmd_list_thread
                        0x08009e14    0xc  Data  Gb  cmd.o [1]
__fsym___cmd_list_thread_desc
                        0x0800c4b8    0xc  Data  Gb  cmd.o [1]
__fsym___cmd_list_thread_name
                        0x0800be78   0x14  Data  Gb  cmd.o [1]
__fsym___cmd_list_timer
                        0x08009ebc    0xc  Data  Gb  cmd.o [1]
__fsym___cmd_list_timer_desc
                        0x0800ba2c   0x18  Data  Gb  cmd.o [1]
__fsym___cmd_list_timer_name
                        0x0800bef0   0x14  Data  Gb  cmd.o [1]
__fsym___cmd_ps         0x08009f04    0xc  Data  Gb  msh.o [1]
__fsym___cmd_ps_desc    0x0800b79c   0x1c  Data  Gb  msh.o [1]
__fsym___cmd_ps_name    0x0800c518    0xc  Data  Gb  msh.o [1]
__fsym___cmd_reboot     0x08009dc0    0xc  Data  Gb  board.o [1]
__fsym___cmd_reboot_desc
                        0x0800c298   0x10  Data  Gb  board.o [1]
__fsym___cmd_reboot_name
                        0x0800c288   0x10  Data  Gb  board.o [1]
__fsym___cmd_version    0x08009dfc    0xc  Data  Gb  cmd.o [1]
__fsym___cmd_version_desc
                        0x0800b288   0x24  Data  Gb  cmd.o [1]
__fsym___cmd_version_name
                        0x0800c2b8   0x10  Data  Gb  cmd.o [1]
__fsym_clear            0x08009dd8    0xc  Data  Gb  cmd.o [1]
__fsym_clear_desc       0x0800b6d8   0x1c  Data  Gb  cmd.o [1]
__fsym_clear_name       0x0800c67c    0x8  Data  Gb  cmd.o [1]
__fsym_hello            0x08009dcc    0xc  Data  Gb  cmd.o [1]
__fsym_hello_desc       0x0800c2a8   0x10  Data  Gb  cmd.o [1]
__fsym_hello_name       0x0800c674    0x8  Data  Gb  cmd.o [1]
__fsym_list             0x08009ee0    0xc  Data  Gb  cmd.o [1]
__fsym_list_desc        0x0800b780   0x1c  Data  Gb  cmd.o [1]
__fsym_list_device      0x08009ec8    0xc  Data  Gb  cmd.o [1]
__fsym_list_device_desc
                        0x0800ba44   0x18  Data  Gb  cmd.o [1]
__fsym_list_device_name
                        0x0800c4f4    0xc  Data  Gb  cmd.o [1]
__fsym_list_event       0x08009e38    0xc  Data  Gb  cmd.o [1]
__fsym_list_event_desc  0x0800b984   0x18  Data  Gb  cmd.o [1]
__fsym_list_event_name  0x0800c4d0    0xc  Data  Gb  cmd.o [1]
__fsym_list_mailbox     0x08009e68    0xc  Data  Gb  cmd.o [1]
__fsym_list_mailbox_desc
                        0x0800b9e4   0x18  Data  Gb  cmd.o [1]
__fsym_list_mailbox_name
                        0x0800c2d8   0x10  Data  Gb  cmd.o [1]
__fsym_list_mem         0x08009eec    0xc  Data  Gb  mem.o [1]
__fsym_list_mem_desc    0x0800b4a0   0x20  Data  Gb  mem.o [1]
__fsym_list_mem_name    0x0800c500    0xc  Data  Gb  mem.o [1]
__fsym_list_mempool     0x08009e98    0xc  Data  Gb  cmd.o [1]
__fsym_list_mempool_desc
                        0x0800b748   0x1c  Data  Gb  cmd.o [1]
__fsym_list_mempool_name
                        0x0800c2f8   0x10  Data  Gb  cmd.o [1]
__fsym_list_msgqueue    0x08009e80    0xc  Data  Gb  cmd.o [1]
__fsym_list_msgqueue_desc
                        0x0800b460   0x20  Data  Gb  cmd.o [1]
__fsym_list_msgqueue_name
                        0x0800c2e8   0x10  Data  Gb  cmd.o [1]
__fsym_list_mutex       0x08009e50    0xc  Data  Gb  cmd.o [1]
__fsym_list_mutex_desc  0x0800b9b4   0x18  Data  Gb  cmd.o [1]
__fsym_list_mutex_name  0x0800c4dc    0xc  Data  Gb  cmd.o [1]
__fsym_list_name        0x0800c68c    0x8  Data  Gb  cmd.o [1]
__fsym_list_sem         0x08009e20    0xc  Data  Gb  cmd.o [1]
__fsym_list_sem_desc    0x0800b710   0x1c  Data  Gb  cmd.o [1]
__fsym_list_sem_name    0x0800c4c4    0xc  Data  Gb  cmd.o [1]
__fsym_list_thread      0x08009e08    0xc  Data  Gb  cmd.o [1]
__fsym_list_thread_desc
                        0x0800c4ac    0xc  Data  Gb  cmd.o [1]
__fsym_list_thread_name
                        0x0800c4a0    0xc  Data  Gb  cmd.o [1]
__fsym_list_timer       0x08009eb0    0xc  Data  Gb  cmd.o [1]
__fsym_list_timer_desc  0x0800ba14   0x18  Data  Gb  cmd.o [1]
__fsym_list_timer_name  0x0800c4e8    0xc  Data  Gb  cmd.o [1]
__fsym_pinGet           0x08009f40    0xc  Data  Gb  pin.o [1]
__fsym_pinGet_desc      0x0800b2ac   0x24  Data  Gb  pin.o [1]
__fsym_pinGet_name      0x0800c6a4    0x8  Data  Gb  pin.o [1]
__fsym_pinMode          0x08009f1c    0xc  Data  Gb  pin.o [1]
__fsym_pinMode_desc     0x0800ba8c   0x18  Data  Gb  pin.o [1]
__fsym_pinMode_name     0x0800c694    0x8  Data  Gb  pin.o [1]
__fsym_pinRead          0x08009f34    0xc  Data  Gb  pin.o [1]
__fsym_pinRead_desc     0x0800b4c0   0x20  Data  Gb  pin.o [1]
__fsym_pinRead_name     0x0800c69c    0x8  Data  Gb  pin.o [1]
__fsym_pinWrite         0x08009f28    0xc  Data  Gb  pin.o [1]
__fsym_pinWrite_desc    0x0800b7b8   0x1c  Data  Gb  pin.o [1]
__fsym_pinWrite_name    0x0800c530    0xc  Data  Gb  pin.o [1]
__fsym_version          0x08009df0    0xc  Data  Gb  cmd.o [1]
__fsym_version_desc     0x0800b264   0x24  Data  Gb  cmd.o [1]
__fsym_version_name     0x0800c684    0x8  Data  Gb  cmd.o [1]
__iar_Dnorm             0x0800784d   0x42  Code  Gb  xdnorm.o [4]
__iar_Dscale            0x080078f1  0x114  Code  Gb  xdscale.o [4]
__iar_Locale_lconv_init
                        0x08007ff9   0x3a  Code  Gb  localeconv.o [3]
__iar_Mbcurmax          0x08007811    0xa  Code  Gb  xmbcurmax.o [3]
__iar_Memchr            0x080077b9         Code  Gb  memchr.o [5]
__iar_Memset            0x08006591         Code  Gb  ABImemset.o [5]
__iar_Memset4_word      0x080028dd         Code  Gb  ABImemset48.o [5]
__iar_Memset8_word      0x080028dd         Code  Gb  ABImemset48.o [5]
__iar_Memset_word       0x08006599         Code  Gb  ABImemset.o [5]
__iar_Strchr            0x08007769         Code  Gb  strchr.o [5]
__iar_d2uiz             0x08007a3d         Code  Gb  DblToI32.o [4]
__iar_dadd              0x080080e9         Code  Gb  DblAdd.o [4]
__iar_data_init3        0x080051e5   0x28  Code  Gb  data_init.o [5]
__iar_dlib_perthread_access
                        0x080081bd    0x2  Code  Gb  xtls.o [3]
__iar_dsub              0x08007aa1         Code  Gb  DblSub.o [4]
__iar_dsubStart         0x08007ab3         Code  Gb  DblSub.o [4]
__iar_init_vfp          0x08009b21         Code  Gb  fpinit_M.o [4]
__iar_packbits_init3    0x08009d0b   0xb0  Code  Gb  packbits_init.o [5]
__iar_program_start     0x08009cdd         Code  Gb  cstartup_M.o [5]
__iar_ui2d              0x08007a75         Code  Gb  I32ToDbl.o [4]
__iar_unaligned___aeabi_memcpy
                        0x08006519         Code  Gb  ABImemcpy_unaligned.o [5]
__iar_unaligned___aeabi_memcpy4
                        0x08006539         Code  Gb  ABImemcpy_unaligned.o [5]
__iar_unaligned___aeabi_memcpy8
                        0x08006539         Code  Gb  ABImemcpy_unaligned.o [5]
__iar_unaligned_memcmp  0x08009a41         Code  Gb  memcmp_unaligned.o [5]
__iar_unaligned_strcpy  0x080099e1         Code  Gb  strcpy_unaligned.o [5]
__iar_unaligned_strncpy
                        0x08006479         Code  Gb  strncpy_unaligned.o [5]
__iar_zero_init3        0x080028bb   0x22  Code  Gb  zero_init3.o [5]
__low_level_init        0x08002829    0xe  Code  Gb  components.o [1]
__rt_errno              0x200003f0    0x4  Data  Lc  kservice.o [1]
[...]
disassembly_ins_is_bl_blx
                        0x08005bd7   0x36  Code  Lc  cm_backtrace.o [1]
div                     0x08008065    0xe  Code  Gb  div.o [3]
divide                  0x0800216b   0x3a  Code  Lc  kservice.o [1]
dump_stack              0x08005b47   0x90  Code  Lc  cm_backtrace.o [1]
exit                    0x08009b57    0x4  Code  Gb  exit.o [3]
fault_diagnosis         0x08005ded  0x392  Code  Lc  cm_backtrace.o [1]
finsh_get_prompt        0x08009011   0x76  Code  Gb  shell.o [1]
finsh_getchar           0x080090bf   0x50  Code  Lc  shell.o [1]
finsh_prompt_custom     0x10000444    0x4  Data  Lc  shell.o [1]
finsh_rx_ind            0x0800910f   0x2c  Code  Lc  shell.o [1]
finsh_set_device        0x0800913b   0xd0  Code  Gb  shell.o [1]
finsh_set_prompt_mode   0x08009087   0x38  Code  Gb  shell.o [1]
finsh_system_function_init
                        0x080098dd    0xa  Code  Gb  shell.o [1]
finsh_system_init       0x080098f1   0x76  Code  Gb  shell.o [1]
finsh_system_var_init   0x080098e7    0xa  Code  Gb  shell.o [1]
finsh_thread_entry      0x08009355  0x582  Code  Gb  shell.o [1]
free                    0x08007827    0xc  Code  Gb  mem_std.o [1]
fw_name                 0x10000008   0x20  Data  Lc  cm_backtrace.o [1]
get_cur_thread_name     0x08005b3f    0x8  Code  Lc  cm_backtrace.o [1]
get_cur_thread_stack_info
                        0x08005aed   0x52  Code  Lc  cm_backtrace.o [1]
get_pin_irq_map         0x08001659   0x22  Code  Lc  drv_gpio.o [1]
hardware_init           0x0800520d   0x12  Code  Lc  main.o [1]
heap_end                0x100002e8    0x4  Data  Lc  mem.o [1]
heap_ptr                0x100002e4    0x4  Data  Lc  mem.o [1]
heap_sem                0x100002f0   0x20  Data  Lc  mem.o [1]
hello                   0x080081f1    0xe  Code  Gb  cmd.o [1]
hw_ver                  0x10000028   0x20  Data  Lc  cm_backtrace.o [1]
idle                    0x1000014c   0x80  Data  Lc  idle.o [1]
idle_hook_list          0x100002cc   0x10  Data  Lc  idle.o [1]
init_ok                 0x10000776    0x1  Data  Lc  cm_backtrace.o [1]
led_ctrl                0x080059e1   0x4a  Code  Gb  led_drv.o [1]
led_pins                0x20000260   0x10  Data  Gb  led_drv.o [1]
led_thread_entry        0x08009b7d   0x20  Code  Gb  led_app.o [1]
lfree                   0x100002ec    0x4  Data  Lc  mem.o [1]
libc_system_init        0x08009b9d    0x4  Code  Gb  libc.o [1]
list                    0x08008b49   0x36  Code  Gb  cmd.o [1]
list_device             0x08008a91   0xb2  Code  Gb  cmd.o [1]
list_event              0x08008569   0xda  Code  Gb  cmd.o [1]
list_find_init          0x0800822d   0x2e  Code  Lc  cmd.o [1]
list_get_next           0x0800825b   0x90  Code  Lc  cmd.o [1]
list_mailbox            0x08008701   0xf0  Code  Gb  cmd.o [1]
list_mem                0x0800140d   0x22  Code  Gb  mem.o [1]
list_mempool            0x080088d5   0xfc  Code  Gb  cmd.o [1]
list_msgqueue           0x080087f5   0xe0  Code  Gb  cmd.o [1]
list_mutex              0x08008643   0xb4  Code  Gb  cmd.o [1]
list_sem                0x0800847f   0xe4  Code  Gb  cmd.o [1]
list_thread             0x080082eb  0x168  Code  Gb  cmd.o [1]
list_timer              0x080089d1   0xc0  Code  Gb  cmd.o [1]
localeconv              0x08008033   0x16  Code  Gb  localeconv.o [3]
main                    0x0800521f   0x2e  Code  Gb  main.o [1]
main_stack_size         0x1000006c    0x4  Data  Lc  cm_backtrace.o [1]
main_stack_start_addr   0x10000068    0x4  Data  Lc  cm_backtrace.o [1]
main_thread_entry       0x08002837    0xe  Code  Gb  components.o [1]
malloc                  0x0800781b    0xc  Code  Gb  mem_std.o [1]
max_mem                 0x10000318    0x4  Data  Lc  mem.o [1]
mem_size_aligned        0x10000310    0x4  Data  Lc  mem.o [1]
memchr                  0x080077b9         Code  Gb  memchr.o [5]
msh_auto_complete       0x08008f49   0x96  Code  Gb  msh.o [1]
msh_exec                0x08008ec9   0x56  Code  Gb  msh.o [1]
msh_get_cmd             0x08008dd3   0x4c  Code  Lc  msh.o [1]
msh_help                0x08008c99   0x48  Code  Gb  msh.o [1]
msh_is_used             0x08008c95    0x4  Code  Gb  msh.o [1]
msh_split               0x08008cfd   0xd6  Code  Lc  msh.o [1]
object_split            0x08008217   0x16  Code  Lc  cmd.o [1]
on_fault                0x10000777    0x1  Data  Lc  cm_backtrace.o [1]
on_thread_before_fault  0x1000077a    0x1  Data  Lc  cm_backtrace.o [1]
pin_irq_enable_mask     0x200003e4    0x4  Data  Lc  drv_gpio.o [1]
pin_irq_hdr             0x080019a7   0x2a  Code  Lc  drv_gpio.o [1]
pin_irq_hdr_tab         0x20000000   0xc0  Data  Lc  drv_gpio.o [1]
pin_irq_map             0x0800a738   0x40  Data  Lc  drv_gpio.o [1]
pin_output_pp_Init      0x08006451   0x26  Code  Gb  drv_common_app.o [1]
plug_holes              0x08000e8d   0xd0  Code  Lc  mem.o [1]
print_call_stack        0x08005d5d   0x8c  Code  Lc  cm_backtrace.o [1]
print_info              0x08009f4c   0x98  Data  Lc  cm_backtrace.o [1]
print_number            0x080021c7  0x162  Code  Lc  kservice.o [1]
reboot                  0x0800028d    0xc  Code  Lc  board.o [1]
regs                    0x10000108   0x44  Data  Lc  cm_backtrace.o [1]
rt_application_init     0x08002845   0x30  Code  Gb  components.o [1]
rt_assert_handler       0x0800277b   0x3c  Code  Gb  kservice.o [1]
rt_assert_hook          0x200003f8    0x4  Data  Gb  kservice.o [1]
rt_calloc               0x080012d1   0x24  Code  Gb  mem.o [1]
rt_completion_done      0x08005949   0x4c  Code  Gb  completion.o [1]
rt_completion_init      0x0800585b   0x2a  Code  Gb  completion.o [1]
rt_completion_wait      0x08005885   0xc4  Code  Gb  completion.o [1]
rt_components_board_init
                        0x080027fd   0x16  Code  Gb  components.o [1]
rt_components_init      0x08002813   0x16  Code  Gb  components.o [1]
rt_console_get_device   0x080026d5    0x6  Code  Gb  kservice.o [1]
rt_console_set_device   0x080026db   0x3e  Code  Gb  kservice.o [1]
rt_current_priority     0x1000077b    0x1  Data  Gb  scheduler.o [1]
rt_current_thread       0x10000420    0x4  Data  Gb  scheduler.o [1]
rt_device_close         0x0800505d   0x68  Code  Gb  device.o [1]
rt_device_find          0x08004f9b    0xe  Code  Gb  device.o [1]
rt_device_open          0x08004fa9   0xb4  Code  Gb  device.o [1]
rt_device_pin_register  0x08004185   0x54  Code  Gb  pin.o [1]
rt_device_read          0x080050c5   0x64  Code  Gb  device.o [1]
rt_device_register      0x08004f61   0x3a  Code  Gb  device.o [1]
rt_device_set_rx_indicate
                        0x0800518d   0x32  Code  Gb  device.o [1]
rt_device_write         0x08005129   0x64  Code  Gb  device.o [1]
rt_enter_critical       0x0800331b   0x1a  Code  Gb  scheduler.o [1]
rt_exit_critical        0x08003335   0x3e  Code  Gb  scheduler.o [1]
rt_free                 0x080012f5  0x112  Code  Gb  mem.o [1]
rt_free_hook            0x100002e0    0x4  Data  Lc  mem.o [1]
rt_hw_board_init        0x080002e1   0x36  Code  Wk  board.o [1]
rt_hw_console_output    0x08002719    0x2  Code  Wk  kservice.o [1]
rt_hw_context_switch    0x08002a0f         Code  Gb  context_iar.o [1]
rt_hw_context_switch_interrupt
                        0x08002a0f         Code  Gb  context_iar.o [1]
rt_hw_context_switch_to
                        0x08002a99         Code  Gb  context_iar.o [1]
rt_hw_cpu_reset         0x08000b6f    0x8  Code  Wk  cpuport.o [1]
rt_hw_interrupt_disable
                        0x08002a01         Code  Gb  context_iar.o [1]
rt_hw_interrupt_enable  0x08002a09         Code  Gb  context_iar.o [1]
rt_hw_interrupt_thread_switch
                        0x08002add         Code  Gb  context_iar.o [1]
rt_hw_pin_init          0x08001aa7  0x11a  Code  Gb  drv_gpio.o [1]
rt_hw_serial_isr        0x08004de5  0x10e  Code  Gb  serial.o [1]
rt_hw_serial_register   0x08004d79   0x6c  Code  Gb  serial.o [1]
rt_hw_stack_init        0x08000b29   0x46  Code  Gb  cpuport.o [1]
rt_hw_systick_init      0x08000299   0x24  Code  Gb  board.o [1]
rt_hw_usart_init        0x08001f29   0x98  Code  Gb  drv_usart.o [1]
rt_interrupt_enter      0x08000d31   0x28  Code  Gb  irq.o [1]
rt_interrupt_enter_hook
                        0x200003e8    0x4  Data  Lc  irq.o [1]
rt_interrupt_from_thread
                        0x200003d8    0x4  Data  Gb  cpuport.o [1]
rt_interrupt_get_nest   0x08000d81   0x1a  Code  Wk  irq.o [1]
rt_interrupt_leave      0x08000d59   0x28  Code  Gb  irq.o [1]
rt_interrupt_leave_hook
                        0x200003ec    0x4  Data  Lc  irq.o [1]
rt_interrupt_nest       0x2000041c    0x1  Data  Gb  irq.o [1]
rt_interrupt_to_thread  0x200003dc    0x4  Data  Gb  cpuport.o [1]
rt_ipc_list_resume      0x08003a95   0x14  Code  Lc  ipc.o [1]
rt_ipc_list_suspend     0x08003a2b   0x6a  Code  Lc  ipc.o [1]
rt_ipc_object_init      0x08003a1b   0x10  Code  Lc  ipc.o [1]
rt_kprintf              0x0800271b   0x60  Code  Gb  kservice.o [1]
rt_list_init            0x08005835    0x8  Code  Lc  completion.o [1]
rt_list_init            0x080039f5    0x8  Code  Lc  ipc.o [1]
rt_list_init            0x0800303d    0x8  Code  Lc  scheduler.o [1]
rt_list_init            0x08002b49    0x8  Code  Lc  thread.o [1]
rt_list_init            0x080033ad    0x8  Code  Lc  timer.o [1]
rt_list_insert_after    0x08005395    0xe  Code  Lc  object.o [1]
rt_list_insert_after    0x08002b51    0xe  Code  Lc  thread.o [1]
rt_list_insert_after    0x080033b5    0xe  Code  Lc  timer.o [1]
rt_list_insert_before   0x0800583d    0xe  Code  Lc  completion.o [1]
rt_list_insert_before   0x080039fd    0xe  Code  Lc  ipc.o [1]
rt_list_insert_before   0x08003045    0xe  Code  Lc  scheduler.o [1]
rt_list_isempty         0x080081cd   0x10  Code  Lc  cmd.o [1]
rt_list_isempty         0x0800584b   0x10  Code  Lc  completion.o [1]
rt_list_isempty         0x08003a0b   0x10  Code  Lc  ipc.o [1]
rt_list_isempty         0x08003067   0x10  Code  Lc  scheduler.o [1]
rt_list_isempty         0x080033d7   0x10  Code  Lc  timer.o [1]
rt_list_len             0x080081dd   0x14  Code  Lc  cmd.o [1]
rt_list_remove          0x08005265   0x14  Code  Lc  idle.o [1]
rt_list_remove          0x080053a3   0x14  Code  Lc  object.o [1]
rt_list_remove          0x08003053   0x14  Code  Lc  scheduler.o [1]
rt_list_remove          0x08002b5f   0x14  Code  Lc  thread.o [1]
rt_list_remove          0x080033c3   0x14  Code  Lc  timer.o [1]
rt_malloc               0x08001059  0x274  Code  Gb  mem.o [1]
rt_malloc_hook          0x100002dc    0x4  Data  Lc  mem.o [1]
rt_memmove              0x08002089   0x3c  Code  Gb  kservice.o [1]
rt_memset               0x08002033   0x56  Code  Gb  kservice.o [1]
rt_object_allocate      0x080054bd   0xa8  Code  Gb  object.o [1]
rt_object_attach_hook   0x20000400    0x4  Data  Lc  object.o [1]
rt_object_container     0x200000c0   0x90  Data  Lc  object.o [1]
rt_object_delete        0x08005565   0x56  Code  Gb  object.o [1]
rt_object_detach        0x0800547f   0x3e  Code  Gb  object.o [1]
rt_object_detach_hook   0x20000404    0x4  Data  Lc  object.o [1]
rt_object_find          0x080055f9   0x8c  Code  Gb  object.o [1]
rt_object_get_information
                        0x080053b7   0x2a  Code  Gb  object.o [1]
rt_object_get_type      0x080055dd   0x1c  Code  Gb  object.o [1]
rt_object_init          0x080053e1   0x9e  Code  Gb  object.o [1]
rt_object_is_systemobject
                        0x080055bb   0x22  Code  Gb  object.o [1]
rt_object_put_hook      0x20000410    0x4  Data  Gb  object.o [1]
rt_object_take_hook     0x2000040c    0x4  Data  Gb  object.o [1]
rt_object_trytake_hook  0x20000408    0x4  Data  Gb  object.o [1]
rt_pin_get              0x0800424d   0x42  Code  Gb  pin.o [1]
rt_pin_mode             0x080041d9   0x28  Code  Gb  pin.o [1]
rt_pin_read             0x08004229   0x24  Code  Gb  pin.o [1]
rt_pin_write            0x08004201   0x28  Code  Gb  pin.o [1]
rt_schedule             0x0800313f  0x12a  Code  Gb  scheduler.o [1]
rt_schedule_insert_thread
                        0x08003269   0x6a  Code  Gb  scheduler.o [1]
rt_schedule_remove_thread
                        0x080032d3   0x48  Code  Gb  scheduler.o [1]
rt_scheduler_hook       0x1000042c    0x4  Data  Lc  scheduler.o [1]
rt_scheduler_lock_nest  0x10000774    0x2  Data  Lc  scheduler.o [1]
rt_sem_init             0x08003aa9   0x48  Code  Gb  ipc.o [1]
rt_sem_release          0x08003c1f   0x9a  Code  Gb  ipc.o [1]
rt_sem_take             0x08003af1  0x12e  Code  Gb  ipc.o [1]
rt_serial_close         0x08004bab   0xa0  Code  Lc  serial.o [1]
rt_serial_control       0x08004cd7   0xa2  Code  Lc  serial.o [1]
rt_serial_init          0x08004a0d   0x3e  Code  Lc  serial.o [1]
rt_serial_open          0x08004a4b  0x160  Code  Lc  serial.o [1]
rt_serial_read          0x08004c4b   0x46  Code  Lc  serial.o [1]
rt_serial_write         0x08004c91   0x46  Code  Lc  serial.o [1]
rt_set_errno            0x08002009   0x2a  Code  Gb  kservice.o [1]
rt_show_version         0x0800213b   0x30  Code  Gb  kservice.o [1]
rt_soft_timer_check     0x08003843   0xc4  Code  Gb  timer.o [1]
rt_soft_timer_list      0x100004e0    0x8  Data  Lc  timer.o [1]
rt_sprintf              0x080026b5   0x20  Code  Gb  kservice.o [1]
rt_strlen               0x0800212b   0x10  Code  Gb  kservice.o [1]
rt_strncmp              0x080020f7   0x34  Code  Gb  kservice.o [1]
rt_strncpy              0x080020c5   0x32  Code  Gb  kservice.o [1]
rt_system_heap_init     0x08000f5d   0xf6  Code  Gb  mem.o [1]
rt_system_scheduler_init
                        0x080030ed   0x2c  Code  Gb  scheduler.o [1]
rt_system_scheduler_start
                        0x08003119   0x26  Code  Gb  scheduler.o [1]
rt_system_timer_init    0x08003945   0x1a  Code  Gb  timer.o [1]
rt_system_timer_thread_init
                        0x0800395f   0x3e  Code  Gb  timer.o [1]
rt_thread_create        0x08002d95   0x64  Code  Gb  thread.o [1]
rt_thread_defunct       0x10000424    0x8  Data  Gb  scheduler.o [1]
rt_thread_delay         0x08002e63    0xc  Code  Gb  thread.o [1]
rt_thread_exit          0x08002b91   0x52  Code  Gb  thread.o [1]
rt_thread_idle_entry    0x080052ef   0x28  Code  Lc  idle.o [1]
rt_thread_idle_excute   0x0800528b   0x64  Code  Gb  idle.o [1]
rt_thread_idle_init     0x08005317   0x56  Code  Gb  idle.o [1]
rt_thread_init          0x08002ca1   0x72  Code  Gb  thread.o [1]
rt_thread_inited_hook   0x100004d4    0x4  Data  Lc  thread.o [1]
rt_thread_mdelay        0x08002e6f   0x14  Code  Gb  thread.o [1]
rt_thread_priority_table
                        0x1000031c  0x100  Data  Gb  scheduler.o [1]
rt_thread_ready_priority_group
                        0x1000041c    0x4  Data  Gb  scheduler.o [1]
rt_thread_resume        0x08002f1b   0x72  Code  Gb  thread.o [1]
rt_thread_resume_hook   0x100004d0    0x4  Data  Lc  thread.o [1]
rt_thread_self          0x08002d13    0x8  Code  Gb  thread.o [1]
rt_thread_sleep         0x08002df9   0x6a  Code  Gb  thread.o [1]
rt_thread_stack         0x100001cc  0x100  Data  Lc  idle.o [1]
rt_thread_startup       0x08002d1b   0x7a  Code  Gb  thread.o [1]
rt_thread_suspend       0x08002e83   0x98  Code  Gb  thread.o [1]
rt_thread_suspend_hook  0x100004cc    0x4  Data  Lc  thread.o [1]
rt_thread_switch_interrupt_flag
                        0x200003e0    0x4  Data  Gb  cpuport.o [1]
rt_thread_timeout       0x08002f8d   0x5e  Code  Gb  thread.o [1]
rt_thread_timer_entry   0x08003907   0x3e  Code  Lc  timer.o [1]
rt_tick                 0x10000004    0x4  Data  Lc  clock.o [1]
rt_tick_from_millisecond
                        0x08000e45   0x40  Code  Gb  clock.o [1]
rt_tick_get             0x08000e01    0x6  Code  Gb  clock.o [1]
rt_tick_get_millisecond
                        0x08000e85    0x8  Code  Wk  clock.o [1]
rt_tick_increase        0x08000e07   0x38  Code  Gb  clock.o [1]
rt_timer_check          0x08003791   0xb2  Code  Gb  timer.o [1]
rt_timer_control        0x0800370f   0x82  Code  Gb  timer.o [1]
rt_timer_detach         0x080034b3   0x6a  Code  Gb  timer.o [1]
rt_timer_enter_hook     0x10000768    0x4  Data  Lc  timer.o [1]
rt_timer_exit_hook      0x1000076c    0x4  Data  Lc  timer.o [1]
rt_timer_init           0x08003471   0x42  Code  Gb  timer.o [1]
rt_timer_list           0x100004d8    0x8  Data  Lc  timer.o [1]
rt_timer_list_next_timeout
                        0x08003429   0x2c  Code  Lc  timer.o [1]
rt_timer_start          0x0800351d  0x18e  Code  Gb  timer.o [1]
rt_timer_stop           0x080036ab   0x64  Code  Gb  timer.o [1]
rt_vsnprintf            0x08002329  0x374  Code  Gb  kservice.o [1]
rt_vsprintf             0x0800269d   0x18  Code  Gb  kservice.o [1]
rti_board_end           0x080027f5    0x4  Code  Lc  components.o [1]
rti_board_start         0x080027f1    0x4  Code  Lc  components.o [1]
rti_end                 0x080027f9    0x4  Code  Lc  components.o [1]
rti_start               0x080027ed    0x4  Code  Lc  components.o [1]
rtthread_startup        0x08002891   0x2a  Code  Gb  components.o [1]
shell                   0x10000440    0x4  Data  Gb  shell.o [1]
shell_auto_complete     0x0800920b   0x2a  Code  Lc  shell.o [1]
shell_handle_history    0x08009235   0x22  Code  Lc  shell.o [1]
shell_push_history      0x08009261   0xf4  Code  Lc  shell.o [1]
show_wait_queue         0x08008453   0x2c  Code  Lc  cmd.o [1]
skip_atoi               0x080021a5   0x22  Code  Lc  kservice.o [1]
soft_timer_status       0x10000000    0x1  Data  Lc  timer.o [1]
sprintf                 0x080064e5   0x34  Code  Gb  sprintf.o [3]
stack_is_overflow       0x10000778    0x1  Data  Lc  cm_backtrace.o [1]
statck_del_fpu_regs     0x08006185   0x1e  Code  Lc  cm_backtrace.o [1]
statck_has_fpu_regs     0x10000779    0x1  Data  Lc  cm_backtrace.o [1]
stm32_configure         0x08001c0d   0xce  Code  Lc  drv_usart.o [1]
stm32_control           0x08001cdb   0x80  Code  Lc  drv_usart.o [1]
stm32_dma_transmit      0x08001dc3   0x5c  Code  Lc  drv_usart.o [1]
stm32_getc              0x08001d8f   0x34  Code  Lc  drv_usart.o [1]
stm32_pin_attach_irq    0x0800167b   0xf2  Code  Lc  drv_gpio.o [1]
stm32_pin_dettach_irq   0x0800176d   0x9c  Code  Lc  drv_gpio.o [1]
stm32_pin_get           0x080014b1   0x7e  Code  Lc  drv_gpio.o [1]
stm32_pin_irq_enable    0x08001809  0x19e  Code  Lc  drv_gpio.o [1]
stm32_pin_mode          0x080015b1   0x88  Code  Lc  drv_gpio.o [1]
stm32_pin_read          0x0800156f   0x42  Code  Lc  drv_gpio.o [1]
stm32_pin_write         0x0800152f   0x40  Code  Lc  drv_gpio.o [1]
stm32_putc              0x08001d5b   0x34  Code  Lc  drv_usart.o [1]
stm32_uart_get_dma_config
                        0x08001f1f    0xa  Code  Lc  drv_usart.o [1]
stm32_uart_ops          0x0800bc5c   0x14  Data  Lc  drv_usart.o [1]
str_common              0x08008f25   0x24  Code  Lc  msh.o [1]
strcat                  0x08009a25   0x1c  Code  Gb  strcat.o [3]
strchr                  0x08007769         Code  Gb  strchr.o [5]
strlen                  0x08007781         Code  Gb  strlen.o [5]
strncmp                 0x08008c69   0x2a  Code  Gb  strncmp.o [3]
sw_ver                  0x10000048   0x20  Data  Lc  cm_backtrace.o [1]
timer_thread            0x100004e8   0x80  Data  Lc  timer.o [1]
timer_thread_stack      0x10000568  0x200  Data  Lc  timer.o [1]
uart_config             0x2000024c   0x14  Data  Lc  drv_usart.o [1]
uart_isr                0x08001e1f   0xee  Code  Lc  drv_usart.o [1]
uart_obj                0x20000278   0x9c  Data  Lc  drv_usart.o [1]
used_mem                0x10000314    0x4  Data  Lc  mem.o [1]
uwTick                  0x20000418    0x4  Data  Gb  stm32f4xx_hal.o [1]
uwTickFreq              0x20000275    0x1  Data  Gb  stm32f4xx_hal.o [1]
version                 0x0800820d    0xa  Code  Gb  cmd.o [1]


[1] = F:\1_git_code\RT-Thread-project\4.0.3\ATK_IAR_RTT_TEMPLATE\ATK_RTT_OTA_APP_For_IAR7\ide\Debug\Obj
[2] = command line
[3] = dl7M_tlf.a
[4] = m7M_tlv.a
[5] = rt7M_tl.a
[6] = shb_l.a

  40 384 bytes of readonly  code memory
  10 806 bytes of readonly  data memory
  11 161 bytes of readwrite data memory

Errors: none
Warnings: none
